Warning: You are sending unauthenticated requests to the HF Hub. Please set a HF_TOKEN to enable higher rate limits and faster downloads.
04/13/2026 14:50:43:WARNING:Warning: You are sending unauthenticated requests to the HF Hub. Please set a HF_TOKEN to enable higher rate limits and faster downloads.
Loading weights:   0%|          | 0/148 [00:00<?, ?it/s]Loading weights: 100%|██████████| 148/148 [00:00<00:00, 7506.49it/s]
/home/wlwuser/anaconda3/lib/python3.12/site-packages/opacus/privacy_engine.py:96: UserWarning: Secure RNG turned off. This is perfectly fine for experimentation as it allows for much faster training performance, but remember to turn it on and retrain one last time before production with ``secure_mode`` turned on.
  warnings.warn(
`loss_type=None` was set in the config but it is unrecognized. Using the default loss: `ForCausalLMLoss`.
step=000100  loss=6.7147  ε=4.714  λ=0.00000
step=000200  loss=6.5815  ε=4.951  λ=0.00000
step=000300  loss=6.4536  ε=5.130  λ=0.00000
step=000400  loss=6.3523  ε=5.239  λ=0.00000
step=000500  loss=6.3275  ε=5.349  λ=0.00000
  [eval] step=000500  eval_ppl=422.813  gate_sparsity=0.435  ε_consumed=5.349
step=000600  loss=6.2730  ε=5.458  λ=0.00000
step=000700  loss=6.2387  ε=5.528  λ=0.00000
step=000800  loss=6.2344  ε=5.592  λ=0.00000
step=000900  loss=6.2027  ε=5.657  λ=0.00000
step=001000  loss=6.1778  ε=5.721  λ=0.00000
  [eval] step=001000  eval_ppl=372.417  gate_sparsity=0.417  ε_consumed=5.721
step=001100  loss=6.1721  ε=5.786  λ=0.00000
step=001200  loss=6.1698  ε=5.850  λ=0.00000
step=001300  loss=6.1330  ε=5.910  λ=0.00000
step=001400  loss=6.1587  ε=5.951  λ=0.00000
step=001500  loss=6.1649  ε=5.991  λ=0.00000
  [eval] step=001500  eval_ppl=345.020  gate_sparsity=0.409  ε_consumed=5.991
step=001600  loss=6.0982  ε=6.032  λ=0.00000
step=001700  loss=6.0872  ε=6.073  λ=0.00000
step=001800  loss=6.0951  ε=6.113  λ=0.00000
step=001900  loss=6.0854  ε=6.154  λ=0.00000
step=002000  loss=6.0651  ε=6.194  λ=0.00000
  [eval] step=002000  eval_ppl=317.875  gate_sparsity=0.375  ε_consumed=6.194
step=002100  loss=6.0827  ε=6.235  λ=0.00000
step=002200  loss=6.0295  ε=6.276  λ=0.00000
step=002300  loss=6.0712  ε=6.316  λ=0.00000
step=002400  loss=6.0220  ε=6.357  λ=0.00000
step=002500  loss=6.0344  ε=6.398  λ=0.00000
  [eval] step=002500  eval_ppl=302.203  gate_sparsity=0.388  ε_consumed=6.398
step=002600  loss=6.0103  ε=6.434  λ=0.00000
step=002700  loss=6.0521  ε=6.461  λ=0.00000
step=002800  loss=6.0246  ε=6.488  λ=0.00000
step=002900  loss=5.9898  ε=6.515  λ=0.00000
step=003000  loss=5.9964  ε=6.543  λ=0.00000
  [eval] step=003000  eval_ppl=284.173  gate_sparsity=0.381  ε_consumed=6.543
step=003100  loss=6.0234  ε=6.570  λ=0.00000
step=003200  loss=6.0069  ε=6.597  λ=0.00000
step=003300  loss=5.9360  ε=6.624  λ=0.00000
step=003400  loss=5.9489  ε=6.652  λ=0.00000
step=003500  loss=5.9213  ε=6.679  λ=0.00000
  [eval] step=003500  eval_ppl=263.606  gate_sparsity=0.384  ε_consumed=6.679
step=003600  loss=5.9362  ε=6.706  λ=0.00000
step=003700  loss=5.9232  ε=6.733  λ=0.00000
step=003800  loss=5.9178  ε=6.761  λ=0.00000
step=003900  loss=5.8486  ε=6.788  λ=0.00000
step=004000  loss=5.8601  ε=6.815  λ=0.00000
  [eval] step=004000  eval_ppl=250.096  gate_sparsity=0.376  ε_consumed=6.815
step=004100  loss=5.8650  ε=6.842  λ=0.00000
step=004200  loss=5.8311  ε=6.870  λ=0.00000
step=004300  loss=5.8618  ε=6.897  λ=0.00000
step=004400  loss=5.8238  ε=6.924  λ=0.00000
step=004500  loss=5.8139  ε=6.951  λ=0.00000
  [eval] step=004500  eval_ppl=238.978  gate_sparsity=0.352  ε_consumed=6.951
step=004600  loss=5.8013  ε=6.979  λ=0.00000
step=004700  loss=5.7615  ε=7.006  λ=0.00000
step=004800  loss=5.8216  ε=7.033  λ=0.00000
step=004900  loss=5.8580  ε=7.060  λ=0.00000
step=005000  loss=5.7570  ε=7.081  λ=0.00000
  [eval] step=005000  eval_ppl=229.979  gate_sparsity=0.364  ε_consumed=7.081
step=005100  loss=5.7780  ε=7.100  λ=0.00000
step=005200  loss=5.7461  ε=7.119  λ=0.00000
step=005300  loss=5.7446  ε=7.139  λ=0.00000
step=005400  loss=5.7776  ε=7.158  λ=0.00000
step=005500  loss=5.7544  ε=7.177  λ=0.00000
  [eval] step=005500  eval_ppl=222.697  gate_sparsity=0.325  ε_consumed=7.177
step=005600  loss=5.7738  ε=7.197  λ=0.00000
step=005700  loss=5.7036  ε=7.216  λ=0.00000
step=005800  loss=5.7317  ε=7.236  λ=0.00000
step=005900  loss=5.7486  ε=7.255  λ=0.00000
step=006000  loss=5.6974  ε=7.274  λ=0.00000
  [eval] step=006000  eval_ppl=215.013  gate_sparsity=0.332  ε_consumed=7.274
step=006100  loss=5.7205  ε=7.294  λ=0.00000
step=006200  loss=5.6814  ε=7.313  λ=0.00000
step=006300  loss=5.7437  ε=7.332  λ=0.00000
step=006400  loss=5.6499  ε=7.352  λ=0.00000
step=006500  loss=5.7028  ε=7.371  λ=0.00000
  [eval] step=006500  eval_ppl=208.103  gate_sparsity=0.294  ε_consumed=7.371
step=006600  loss=5.7076  ε=7.390  λ=0.00000
step=006700  loss=5.6615  ε=7.410  λ=0.00000
step=006800  loss=5.6172  ε=7.429  λ=0.00000
step=006900  loss=5.6447  ε=7.448  λ=0.00000
step=007000  loss=5.6606  ε=7.468  λ=0.00000
  [eval] step=007000  eval_ppl=203.082  gate_sparsity=0.303  ε_consumed=7.468
step=007100  loss=5.6367  ε=7.487  λ=0.00000
step=007200  loss=5.6672  ε=7.507  λ=0.00000
step=007300  loss=5.6441  ε=7.526  λ=0.00000
step=007400  loss=5.6510  ε=7.545  λ=0.00000
step=007500  loss=5.6668  ε=7.565  λ=0.00000
  [eval] step=007500  eval_ppl=197.105  gate_sparsity=0.318  ε_consumed=7.565
step=007600  loss=5.6429  ε=7.584  λ=0.00000
step=007700  loss=5.6752  ε=7.603  λ=0.00000
step=007800  loss=5.6553  ε=7.623  λ=0.00000
step=007900  loss=5.6706  ε=7.642  λ=0.00000
step=008000  loss=5.6153  ε=7.661  λ=0.00000
  [eval] step=008000  eval_ppl=192.113  gate_sparsity=0.315  ε_consumed=7.661
step=008100  loss=5.6317  ε=7.681  λ=0.00000
step=008200  loss=5.6104  ε=7.700  λ=0.00000
step=008300  loss=5.6149  ε=7.719  λ=0.00000
step=008400  loss=5.6530  ε=7.739  λ=0.00000
step=008500  loss=5.6064  ε=7.758  λ=0.00000
  [eval] step=008500  eval_ppl=186.859  gate_sparsity=0.309  ε_consumed=7.758
step=008600  loss=5.6197  ε=7.778  λ=0.00000
step=008700  loss=5.6185  ε=7.797  λ=0.00000
step=008800  loss=5.5789  ε=7.816  λ=0.00000
step=008900  loss=5.5221  ε=7.836  λ=0.00000
step=009000  loss=5.5870  ε=7.855  λ=0.00000
  [eval] step=009000  eval_ppl=182.287  gate_sparsity=0.307  ε_consumed=7.855
step=009100  loss=5.6098  ε=7.870  λ=0.00000
step=009200  loss=5.5640  ε=7.884  λ=0.00000
step=009300  loss=5.5219  ε=7.899  λ=0.00000
step=009400  loss=5.5967  ε=7.913  λ=0.00000
step=009500  loss=5.5839  ε=7.928  λ=0.00000
  [eval] step=009500  eval_ppl=179.445  gate_sparsity=0.299  ε_consumed=7.928
step=009600  loss=5.5859  ε=7.942  λ=0.00000
step=009700  loss=5.5805  ε=7.956  λ=0.00000
step=009800  loss=5.5610  ε=7.971  λ=0.00000
step=009900  loss=5.5523  ε=7.985  λ=0.00000
step=010000  loss=5.5626  ε=8.000  λ=0.00000
  [eval] step=010000  eval_ppl=175.359  gate_sparsity=0.290  ε_consumed=8.000

Training complete. ε=7.9998  δ=1e-05
Metrics written to: results/v2/condition_C_gate_dp_init_eps8.0_seed123.csv
