Warning: You are sending unauthenticated requests to the HF Hub. Please set a HF_TOKEN to enable higher rate limits and faster downloads.
Loading weights:   0%|          | 0/148 [00:00<?, ?it/s]Loading weights: 100%|██████████| 148/148 [00:00<00:00, 8115.32it/s]
/home/wlwuser/anaconda3/lib/python3.12/site-packages/opacus/privacy_engine.py:96: UserWarning: Secure RNG turned off. This is perfectly fine for experimentation as it allows for much faster training performance, but remember to turn it on and retrain one last time before production with ``secure_mode`` turned on.
  warnings.warn(
`loss_type=None` was set in the config but it is unrecognized. Using the default loss: `ForCausalLMLoss`.
step=000100  loss=6.7584  ε=4.714  λ=0.00000
step=000200  loss=6.6104  ε=4.951  λ=0.00000
step=000300  loss=6.4542  ε=5.130  λ=0.00000
step=000400  loss=6.3517  ε=5.239  λ=0.00000
step=000500  loss=6.3176  ε=5.349  λ=0.00000
  [eval] step=000500  eval_ppl=420.100  gate_sparsity=0.434  ε_consumed=5.349
step=000600  loss=6.2692  ε=5.458  λ=0.00000
step=000700  loss=6.2547  ε=5.528  λ=0.00000
step=000800  loss=6.2322  ε=5.592  λ=0.00000
step=000900  loss=6.2368  ε=5.657  λ=0.00000
step=001000  loss=6.2271  ε=5.721  λ=0.00000
  [eval] step=001000  eval_ppl=376.472  gate_sparsity=0.376  ε_consumed=5.721
step=001100  loss=6.2181  ε=5.786  λ=0.00000
step=001200  loss=6.2062  ε=5.850  λ=0.00000
step=001300  loss=6.1663  ε=5.910  λ=0.00000
step=001400  loss=6.1320  ε=5.951  λ=0.00000
step=001500  loss=6.1630  ε=5.991  λ=0.00000
  [eval] step=001500  eval_ppl=345.264  gate_sparsity=0.392  ε_consumed=5.991
step=001600  loss=6.1276  ε=6.032  λ=0.00000
step=001700  loss=6.1081  ε=6.073  λ=0.00000
step=001800  loss=6.0858  ε=6.113  λ=0.00000
step=001900  loss=6.0789  ε=6.154  λ=0.00000
step=002000  loss=6.0664  ε=6.194  λ=0.00000
  [eval] step=002000  eval_ppl=323.484  gate_sparsity=0.378  ε_consumed=6.194
step=002100  loss=6.0878  ε=6.235  λ=0.00000
step=002200  loss=6.0482  ε=6.276  λ=0.00000
step=002300  loss=6.0124  ε=6.316  λ=0.00000
step=002400  loss=6.0501  ε=6.357  λ=0.00000
step=002500  loss=6.0423  ε=6.398  λ=0.00000
  [eval] step=002500  eval_ppl=304.310  gate_sparsity=0.377  ε_consumed=6.398
step=002600  loss=6.0281  ε=6.434  λ=0.00000
step=002700  loss=6.0144  ε=6.461  λ=0.00000
step=002800  loss=6.0345  ε=6.488  λ=0.00000
step=002900  loss=5.9719  ε=6.515  λ=0.00000
step=003000  loss=6.0206  ε=6.543  λ=0.00000
  [eval] step=003000  eval_ppl=288.899  gate_sparsity=0.370  ε_consumed=6.543
step=003100  loss=6.0245  ε=6.570  λ=0.00000
step=003200  loss=5.9853  ε=6.597  λ=0.00000
step=003300  loss=5.9933  ε=6.624  λ=0.00000
step=003400  loss=5.9678  ε=6.652  λ=0.00000
step=003500  loss=5.9095  ε=6.679  λ=0.00000
  [eval] step=003500  eval_ppl=270.282  gate_sparsity=0.366  ε_consumed=6.679
step=003600  loss=5.9382  ε=6.706  λ=0.00000
step=003700  loss=5.9033  ε=6.733  λ=0.00000
step=003800  loss=5.8999  ε=6.761  λ=0.00000
step=003900  loss=5.8587  ε=6.788  λ=0.00000
step=004000  loss=5.9062  ε=6.815  λ=0.00000
  [eval] step=004000  eval_ppl=253.463  gate_sparsity=0.377  ε_consumed=6.815
step=004100  loss=5.8455  ε=6.842  λ=0.00000
step=004200  loss=5.8620  ε=6.870  λ=0.00000
step=004300  loss=5.8663  ε=6.897  λ=0.00000
step=004400  loss=5.8340  ε=6.924  λ=0.00000
step=004500  loss=5.8122  ε=6.951  λ=0.00000
  [eval] step=004500  eval_ppl=240.675  gate_sparsity=0.366  ε_consumed=6.951
step=004600  loss=5.8024  ε=6.979  λ=0.00000
step=004700  loss=5.8458  ε=7.006  λ=0.00000
step=004800  loss=5.8260  ε=7.033  λ=0.00000
step=004900  loss=5.8187  ε=7.060  λ=0.00000
step=005000  loss=5.7920  ε=7.081  λ=0.00000
  [eval] step=005000  eval_ppl=230.767  gate_sparsity=0.349  ε_consumed=7.081
step=005100  loss=5.7865  ε=7.100  λ=0.00000
step=005200  loss=5.7887  ε=7.119  λ=0.00000
step=005300  loss=5.7594  ε=7.139  λ=0.00000
step=005400  loss=5.7866  ε=7.158  λ=0.00000
step=005500  loss=5.7793  ε=7.177  λ=0.00000
  [eval] step=005500  eval_ppl=223.570  gate_sparsity=0.362  ε_consumed=7.177
step=005600  loss=5.7718  ε=7.197  λ=0.00000
step=005700  loss=5.7314  ε=7.216  λ=0.00000
step=005800  loss=5.7326  ε=7.236  λ=0.00000
step=005900  loss=5.7503  ε=7.255  λ=0.00000
step=006000  loss=5.7109  ε=7.274  λ=0.00000
  [eval] step=006000  eval_ppl=217.513  gate_sparsity=0.349  ε_consumed=7.274
step=006100  loss=5.7037  ε=7.294  λ=0.00000
step=006200  loss=5.7030  ε=7.313  λ=0.00000
step=006300  loss=5.7205  ε=7.332  λ=0.00000
step=006400  loss=5.6997  ε=7.352  λ=0.00000
step=006500  loss=5.7178  ε=7.371  λ=0.00000
  [eval] step=006500  eval_ppl=210.405  gate_sparsity=0.340  ε_consumed=7.371
step=006600  loss=5.6778  ε=7.390  λ=0.00000
step=006700  loss=5.7057  ε=7.410  λ=0.00000
step=006800  loss=5.6788  ε=7.429  λ=0.00000
step=006900  loss=5.6903  ε=7.448  λ=0.00000
step=007000  loss=5.6978  ε=7.468  λ=0.00000
  [eval] step=007000  eval_ppl=204.820  gate_sparsity=0.345  ε_consumed=7.468
step=007100  loss=5.6726  ε=7.487  λ=0.00000
step=007200  loss=5.6729  ε=7.507  λ=0.00000
step=007300  loss=5.6556  ε=7.526  λ=0.00000
step=007400  loss=5.6711  ε=7.545  λ=0.00000
step=007500  loss=5.5920  ε=7.565  λ=0.00000
  [eval] step=007500  eval_ppl=198.794  gate_sparsity=0.334  ε_consumed=7.565
step=007600  loss=5.6628  ε=7.584  λ=0.00000
step=007700  loss=5.6605  ε=7.603  λ=0.00000
step=007800  loss=5.6029  ε=7.623  λ=0.00000
step=007900  loss=5.6693  ε=7.642  λ=0.00000
step=008000  loss=5.6489  ε=7.661  λ=0.00000
  [eval] step=008000  eval_ppl=193.165  gate_sparsity=0.300  ε_consumed=7.661
step=008100  loss=5.6087  ε=7.681  λ=0.00000
step=008200  loss=5.6050  ε=7.700  λ=0.00000
step=008300  loss=5.5933  ε=7.719  λ=0.00000
step=008400  loss=5.5407  ε=7.739  λ=0.00000
step=008500  loss=5.6358  ε=7.758  λ=0.00000
  [eval] step=008500  eval_ppl=189.421  gate_sparsity=0.325  ε_consumed=7.758
step=008600  loss=5.6180  ε=7.778  λ=0.00000
step=008700  loss=5.5732  ε=7.797  λ=0.00000
step=008800  loss=5.6087  ε=7.816  λ=0.00000
step=008900  loss=5.5797  ε=7.836  λ=0.00000
step=009000  loss=5.5574  ε=7.855  λ=0.00000
  [eval] step=009000  eval_ppl=184.724  gate_sparsity=0.296  ε_consumed=7.855
step=009100  loss=5.5800  ε=7.870  λ=0.00000
step=009200  loss=5.6076  ε=7.884  λ=0.00000
step=009300  loss=5.5633  ε=7.899  λ=0.00000
step=009400  loss=5.5786  ε=7.913  λ=0.00000
step=009500  loss=5.5479  ε=7.928  λ=0.00000
  [eval] step=009500  eval_ppl=180.145  gate_sparsity=0.284  ε_consumed=7.928
step=009600  loss=5.5896  ε=7.942  λ=0.00000
step=009700  loss=5.5589  ε=7.956  λ=0.00000
step=009800  loss=5.5248  ε=7.971  λ=0.00000
step=009900  loss=5.5656  ε=7.985  λ=0.00000
step=010000  loss=5.5738  ε=8.000  λ=0.00000
  [eval] step=010000  eval_ppl=176.372  gate_sparsity=0.267  ε_consumed=8.000

Training complete. ε=7.9998  δ=1e-05
Metrics written to: results/v2/condition_C_gate_dp_init_eps8.0_seed7.csv
