Warning: You are sending unauthenticated requests to the HF Hub. Please set a HF_TOKEN to enable higher rate limits and faster downloads.
Loading weights:   0%|          | 0/148 [00:00<?, ?it/s]Loading weights: 100%|██████████| 148/148 [00:00<00:00, 8869.73it/s]
/home/wlwuser/anaconda3/lib/python3.12/site-packages/opacus/privacy_engine.py:96: UserWarning: Secure RNG turned off. This is perfectly fine for experimentation as it allows for much faster training performance, but remember to turn it on and retrain one last time before production with ``secure_mode`` turned on.
  warnings.warn(
`loss_type=None` was set in the config but it is unrecognized. Using the default loss: `ForCausalLMLoss`.
step=000100  loss=6.7514  ε=2.291  λ=0.00000
step=000200  loss=6.5919  ε=2.355  λ=0.00000
step=000300  loss=6.4938  ε=2.400  λ=0.00000
step=000400  loss=6.4252  ε=2.428  λ=0.00000
step=000500  loss=6.3498  ε=2.455  λ=0.00000
  [eval] step=000500  eval_ppl=442.501  gate_sparsity=0.476  ε_consumed=2.455
step=000600  loss=6.3435  ε=2.478  λ=0.00000
step=000700  loss=6.3330  ε=2.494  λ=0.00000
step=000800  loss=6.2829  ε=2.510  λ=0.00000
step=000900  loss=6.2402  ε=2.526  λ=0.00000
step=001000  loss=6.2641  ε=2.542  λ=0.00000
  [eval] step=001000  eval_ppl=400.351  gate_sparsity=0.421  ε_consumed=2.542
step=001100  loss=6.2222  ε=2.558  λ=0.00000
step=001200  loss=6.2295  ε=2.569  λ=0.00000
step=001300  loss=6.2228  ε=2.578  λ=0.00000
step=001400  loss=6.2254  ε=2.588  λ=0.00000
step=001500  loss=6.1852  ε=2.597  λ=0.00000
  [eval] step=001500  eval_ppl=373.276  gate_sparsity=0.420  ε_consumed=2.597
step=001600  loss=6.1913  ε=2.607  λ=0.00000
step=001700  loss=6.1550  ε=2.617  λ=0.00000
step=001800  loss=6.1997  ε=2.626  λ=0.00000
step=001900  loss=6.1381  ε=2.636  λ=0.00000
step=002000  loss=6.1418  ε=2.645  λ=0.00000
  [eval] step=002000  eval_ppl=347.596  gate_sparsity=0.414  ε_consumed=2.645
step=002100  loss=6.1161  ε=2.655  λ=0.00000
step=002200  loss=6.0967  ε=2.664  λ=0.00000
step=002300  loss=6.1081  ε=2.670  λ=0.00000
step=002400  loss=6.0939  ε=2.676  λ=0.00000
step=002500  loss=6.1099  ε=2.682  λ=0.00000
  [eval] step=002500  eval_ppl=328.033  gate_sparsity=0.358  ε_consumed=2.682
step=002600  loss=6.0729  ε=2.688  λ=0.00000
step=002700  loss=6.0768  ε=2.695  λ=0.00000
step=002800  loss=6.0602  ε=2.701  λ=0.00000
step=002900  loss=6.0739  ε=2.707  λ=0.00000
step=003000  loss=6.0564  ε=2.713  λ=0.00000
  [eval] step=003000  eval_ppl=313.724  gate_sparsity=0.367  ε_consumed=2.713
step=003100  loss=6.0797  ε=2.719  λ=0.00000
step=003200  loss=6.0489  ε=2.725  λ=0.00000
step=003300  loss=6.0006  ε=2.731  λ=0.00000
step=003400  loss=6.0508  ε=2.738  λ=0.00000
step=003500  loss=6.0199  ε=2.744  λ=0.00000
  [eval] step=003500  eval_ppl=306.140  gate_sparsity=0.371  ε_consumed=2.744
step=003600  loss=6.0471  ε=2.750  λ=0.00000
step=003700  loss=6.0399  ε=2.756  λ=0.00000
step=003800  loss=6.0339  ε=2.762  λ=0.00000
step=003900  loss=6.0085  ε=2.768  λ=0.00000
step=004000  loss=6.0099  ε=2.774  λ=0.00000
  [eval] step=004000  eval_ppl=289.680  gate_sparsity=0.380  ε_consumed=2.774
step=004100  loss=5.9788  ε=2.781  λ=0.00000
step=004200  loss=5.9983  ε=2.785  λ=0.00000
step=004300  loss=6.0031  ε=2.789  λ=0.00000
step=004400  loss=5.9832  ε=2.793  λ=0.00000
step=004500  loss=5.9741  ε=2.798  λ=0.00000
  [eval] step=004500  eval_ppl=274.069  gate_sparsity=0.360  ε_consumed=2.798
step=004600  loss=5.9540  ε=2.802  λ=0.00000
step=004700  loss=5.9535  ε=2.806  λ=0.00000
step=004800  loss=5.9272  ε=2.810  λ=0.00000
step=004900  loss=5.9383  ε=2.814  λ=0.00000
step=005000  loss=5.9153  ε=2.819  λ=0.00000
  [eval] step=005000  eval_ppl=261.689  gate_sparsity=0.349  ε_consumed=2.819
step=005100  loss=5.8718  ε=2.823  λ=0.00000
step=005200  loss=5.8670  ε=2.827  λ=0.00000
step=005300  loss=5.8875  ε=2.831  λ=0.00000
step=005400  loss=5.8809  ε=2.835  λ=0.00000
step=005500  loss=5.8937  ε=2.840  λ=0.00000
  [eval] step=005500  eval_ppl=251.090  gate_sparsity=0.328  ε_consumed=2.840
step=005600  loss=5.8600  ε=2.844  λ=0.00000
step=005700  loss=5.8513  ε=2.848  λ=0.00000
step=005800  loss=5.8351  ε=2.852  λ=0.00000
step=005900  loss=5.8412  ε=2.856  λ=0.00000
step=006000  loss=5.8540  ε=2.861  λ=0.00000
  [eval] step=006000  eval_ppl=242.596  gate_sparsity=0.334  ε_consumed=2.861
step=006100  loss=5.8179  ε=2.865  λ=0.00000
step=006200  loss=5.7735  ε=2.869  λ=0.00000
step=006300  loss=5.8107  ε=2.873  λ=0.00000
step=006400  loss=5.8057  ε=2.877  λ=0.00000
step=006500  loss=5.8476  ε=2.882  λ=0.00000
  [eval] step=006500  eval_ppl=235.780  gate_sparsity=0.308  ε_consumed=2.882
step=006600  loss=5.8100  ε=2.886  λ=0.00000
step=006700  loss=5.7802  ε=2.890  λ=0.00000
step=006800  loss=5.7521  ε=2.894  λ=0.00000
step=006900  loss=5.7684  ε=2.898  λ=0.00000
step=007000  loss=5.7974  ε=2.903  λ=0.00000
  [eval] step=007000  eval_ppl=229.852  gate_sparsity=0.308  ε_consumed=2.903
step=007100  loss=5.7523  ε=2.907  λ=0.00000
step=007200  loss=5.7390  ε=2.911  λ=0.00000
step=007300  loss=5.7806  ε=2.915  λ=0.00000
step=007400  loss=5.7398  ε=2.919  λ=0.00000
step=007500  loss=5.7681  ε=2.923  λ=0.00000
  [eval] step=007500  eval_ppl=224.782  gate_sparsity=0.295  ε_consumed=2.923
step=007600  loss=5.7748  ε=2.926  λ=0.00000
step=007700  loss=5.7351  ε=2.929  λ=0.00000
step=007800  loss=5.7467  ε=2.932  λ=0.00000
step=007900  loss=5.7502  ε=2.935  λ=0.00000
step=008000  loss=5.7179  ε=2.938  λ=0.00000
  [eval] step=008000  eval_ppl=219.328  gate_sparsity=0.311  ε_consumed=2.938
step=008100  loss=5.7356  ε=2.942  λ=0.00000
step=008200  loss=5.7406  ε=2.945  λ=0.00000
step=008300  loss=5.7441  ε=2.948  λ=0.00000
step=008400  loss=5.7398  ε=2.951  λ=0.00000
step=008500  loss=5.7305  ε=2.954  λ=0.00000
  [eval] step=008500  eval_ppl=215.291  gate_sparsity=0.282  ε_consumed=2.954
step=008600  loss=5.7135  ε=2.957  λ=0.00000
step=008700  loss=5.7507  ε=2.960  λ=0.00000
step=008800  loss=5.7087  ε=2.963  λ=0.00000
step=008900  loss=5.7439  ε=2.966  λ=0.00000
step=009000  loss=5.6999  ε=2.969  λ=0.00000
  [eval] step=009000  eval_ppl=211.143  gate_sparsity=0.330  ε_consumed=2.969
step=009100  loss=5.6470  ε=2.972  λ=0.00000
step=009200  loss=5.7098  ε=2.975  λ=0.00000
step=009300  loss=5.6999  ε=2.978  λ=0.00000
step=009400  loss=5.6851  ε=2.982  λ=0.00000
step=009500  loss=5.7491  ε=2.985  λ=0.00000
  [eval] step=009500  eval_ppl=208.389  gate_sparsity=0.295  ε_consumed=2.985
step=009600  loss=5.6740  ε=2.988  λ=0.00000
step=009700  loss=5.6815  ε=2.991  λ=0.00000
step=009800  loss=5.6905  ε=2.994  λ=0.00000
step=009900  loss=5.7069  ε=2.997  λ=0.00000
step=010000  loss=5.6394  ε=3.000  λ=0.00000
  [eval] step=010000  eval_ppl=203.799  gate_sparsity=0.315  ε_consumed=3.000

Training complete. ε=2.9999  δ=1e-05
Metrics written to: results/v2/condition_C_gate_dp_init_eps3.0_seed42.csv
