Warning: You are sending unauthenticated requests to the HF Hub. Please set a HF_TOKEN to enable higher rate limits and faster downloads.
Loading weights:   0%|          | 0/148 [00:00<?, ?it/s]Loading weights: 100%|██████████| 148/148 [00:00<00:00, 7698.26it/s]
/home/wlwuser/anaconda3/lib/python3.12/site-packages/opacus/privacy_engine.py:96: UserWarning: Secure RNG turned off. This is perfectly fine for experimentation as it allows for much faster training performance, but remember to turn it on and retrain one last time before production with ``secure_mode`` turned on.
  warnings.warn(
`loss_type=None` was set in the config but it is unrecognized. Using the default loss: `ForCausalLMLoss`.
step=000100  loss=6.7390  ε=4.714  λ=0.00000
step=000200  loss=6.5596  ε=4.951  λ=0.00000
step=000300  loss=6.4527  ε=5.130  λ=0.00000
step=000400  loss=6.3800  ε=5.239  λ=0.00000
step=000500  loss=6.3021  ε=5.349  λ=0.00000
  [eval] step=000500  eval_ppl=420.891  gate_sparsity=0.471  ε_consumed=5.349
step=000600  loss=6.2899  ε=5.458  λ=0.00000
step=000700  loss=6.2787  ε=5.528  λ=0.00000
step=000800  loss=6.2268  ε=5.592  λ=0.00000
step=000900  loss=6.1875  ε=5.657  λ=0.00000
step=001000  loss=6.2119  ε=5.721  λ=0.00000
  [eval] step=001000  eval_ppl=378.580  gate_sparsity=0.416  ε_consumed=5.721
step=001100  loss=6.1676  ε=5.786  λ=0.00000
step=001200  loss=6.1694  ε=5.850  λ=0.00000
step=001300  loss=6.1641  ε=5.910  λ=0.00000
step=001400  loss=6.1629  ε=5.951  λ=0.00000
step=001500  loss=6.1212  ε=5.991  λ=0.00000
  [eval] step=001500  eval_ppl=347.526  gate_sparsity=0.414  ε_consumed=5.991
step=001600  loss=6.1289  ε=6.032  λ=0.00000
step=001700  loss=6.0895  ε=6.073  λ=0.00000
step=001800  loss=6.1359  ε=6.113  λ=0.00000
step=001900  loss=6.0727  ε=6.154  λ=0.00000
step=002000  loss=6.0785  ε=6.194  λ=0.00000
  [eval] step=002000  eval_ppl=320.822  gate_sparsity=0.408  ε_consumed=6.194
step=002100  loss=6.0503  ε=6.235  λ=0.00000
step=002200  loss=6.0300  ε=6.276  λ=0.00000
step=002300  loss=6.0444  ε=6.316  λ=0.00000
step=002400  loss=6.0309  ε=6.357  λ=0.00000
step=002500  loss=6.0478  ε=6.398  λ=0.00000
  [eval] step=002500  eval_ppl=300.798  gate_sparsity=0.351  ε_consumed=6.398
step=002600  loss=6.0067  ε=6.434  λ=0.00000
step=002700  loss=6.0124  ε=6.461  λ=0.00000
step=002800  loss=5.9945  ε=6.488  λ=0.00000
step=002900  loss=6.0128  ε=6.515  λ=0.00000
step=003000  loss=5.9940  ε=6.543  λ=0.00000
  [eval] step=003000  eval_ppl=285.500  gate_sparsity=0.361  ε_consumed=6.543
step=003100  loss=6.0153  ε=6.570  λ=0.00000
step=003200  loss=5.9777  ε=6.597  λ=0.00000
step=003300  loss=5.9079  ε=6.624  λ=0.00000
step=003400  loss=5.9564  ε=6.652  λ=0.00000
step=003500  loss=5.9087  ε=6.679  λ=0.00000
  [eval] step=003500  eval_ppl=269.232  gate_sparsity=0.363  ε_consumed=6.679
step=003600  loss=5.9257  ε=6.706  λ=0.00000
step=003700  loss=5.9139  ε=6.733  λ=0.00000
step=003800  loss=5.9071  ε=6.761  λ=0.00000
step=003900  loss=5.8789  ε=6.788  λ=0.00000
step=004000  loss=5.8730  ε=6.815  λ=0.00000
  [eval] step=004000  eval_ppl=253.275  gate_sparsity=0.371  ε_consumed=6.815
step=004100  loss=5.8405  ε=6.842  λ=0.00000
step=004200  loss=5.8619  ε=6.870  λ=0.00000
step=004300  loss=5.8759  ε=6.897  λ=0.00000
step=004400  loss=5.8576  ε=6.924  λ=0.00000
step=004500  loss=5.8487  ε=6.951  λ=0.00000
  [eval] step=004500  eval_ppl=242.609  gate_sparsity=0.349  ε_consumed=6.951
step=004600  loss=5.8292  ε=6.979  λ=0.00000
step=004700  loss=5.8349  ε=7.006  λ=0.00000
step=004800  loss=5.8070  ε=7.033  λ=0.00000
step=004900  loss=5.8214  ε=7.060  λ=0.00000
step=005000  loss=5.7966  ε=7.081  λ=0.00000
  [eval] step=005000  eval_ppl=232.358  gate_sparsity=0.340  ε_consumed=7.081
step=005100  loss=5.7579  ε=7.100  λ=0.00000
step=005200  loss=5.7519  ε=7.119  λ=0.00000
step=005300  loss=5.7706  ε=7.139  λ=0.00000
step=005400  loss=5.7657  ε=7.158  λ=0.00000
step=005500  loss=5.7839  ε=7.177  λ=0.00000
  [eval] step=005500  eval_ppl=223.245  gate_sparsity=0.322  ε_consumed=7.177
step=005600  loss=5.7498  ε=7.197  λ=0.00000
step=005700  loss=5.7412  ε=7.216  λ=0.00000
step=005800  loss=5.7258  ε=7.236  λ=0.00000
step=005900  loss=5.7277  ε=7.255  λ=0.00000
step=006000  loss=5.7438  ε=7.274  λ=0.00000
  [eval] step=006000  eval_ppl=215.121  gate_sparsity=0.320  ε_consumed=7.274
step=006100  loss=5.7070  ε=7.294  λ=0.00000
step=006200  loss=5.6593  ε=7.313  λ=0.00000
step=006300  loss=5.7009  ε=7.332  λ=0.00000
step=006400  loss=5.6967  ε=7.352  λ=0.00000
step=006500  loss=5.7359  ε=7.371  λ=0.00000
  [eval] step=006500  eval_ppl=208.574  gate_sparsity=0.298  ε_consumed=7.371
step=006600  loss=5.6984  ε=7.390  λ=0.00000
step=006700  loss=5.6689  ε=7.410  λ=0.00000
step=006800  loss=5.6394  ε=7.429  λ=0.00000
step=006900  loss=5.6575  ε=7.448  λ=0.00000
step=007000  loss=5.6857  ε=7.468  λ=0.00000
  [eval] step=007000  eval_ppl=202.956  gate_sparsity=0.300  ε_consumed=7.468
step=007100  loss=5.6415  ε=7.487  λ=0.00000
step=007200  loss=5.6254  ε=7.507  λ=0.00000
step=007300  loss=5.6664  ε=7.526  λ=0.00000
step=007400  loss=5.6233  ε=7.545  λ=0.00000
step=007500  loss=5.6550  ε=7.565  λ=0.00000
  [eval] step=007500  eval_ppl=198.134  gate_sparsity=0.286  ε_consumed=7.565
step=007600  loss=5.6628  ε=7.584  λ=0.00000
step=007700  loss=5.6214  ε=7.603  λ=0.00000
step=007800  loss=5.6340  ε=7.623  λ=0.00000
step=007900  loss=5.6369  ε=7.642  λ=0.00000
step=008000  loss=5.6042  ε=7.661  λ=0.00000
  [eval] step=008000  eval_ppl=192.981  gate_sparsity=0.298  ε_consumed=7.661
step=008100  loss=5.6232  ε=7.681  λ=0.00000
step=008200  loss=5.6256  ε=7.700  λ=0.00000
step=008300  loss=5.6319  ε=7.719  λ=0.00000
step=008400  loss=5.6233  ε=7.739  λ=0.00000
step=008500  loss=5.6184  ε=7.758  λ=0.00000
  [eval] step=008500  eval_ppl=189.099  gate_sparsity=0.272  ε_consumed=7.758
step=008600  loss=5.5989  ε=7.778  λ=0.00000
step=008700  loss=5.6348  ε=7.797  λ=0.00000
step=008800  loss=5.5921  ε=7.816  λ=0.00000
step=008900  loss=5.6263  ε=7.836  λ=0.00000
step=009000  loss=5.5821  ε=7.855  λ=0.00000
  [eval] step=009000  eval_ppl=184.879  gate_sparsity=0.317  ε_consumed=7.855
step=009100  loss=5.5318  ε=7.870  λ=0.00000
step=009200  loss=5.5920  ε=7.884  λ=0.00000
step=009300  loss=5.5836  ε=7.899  λ=0.00000
step=009400  loss=5.5660  ε=7.913  λ=0.00000
step=009500  loss=5.6289  ε=7.928  λ=0.00000
  [eval] step=009500  eval_ppl=181.927  gate_sparsity=0.285  ε_consumed=7.928
step=009600  loss=5.5513  ε=7.942  λ=0.00000
step=009700  loss=5.5561  ε=7.956  λ=0.00000
step=009800  loss=5.5687  ε=7.971  λ=0.00000
step=009900  loss=5.5854  ε=7.985  λ=0.00000
step=010000  loss=5.5159  ε=8.000  λ=0.00000
  [eval] step=010000  eval_ppl=177.451  gate_sparsity=0.302  ε_consumed=8.000

Training complete. ε=7.9998  δ=1e-05
Metrics written to: results/v2/condition_C_gate_dp_init_eps8.0_seed42.csv
