Warning: You are sending unauthenticated requests to the HF Hub. Please set a HF_TOKEN to enable higher rate limits and faster downloads.
04/17/2026 05:11:55:WARNING:Warning: You are sending unauthenticated requests to the HF Hub. Please set a HF_TOKEN to enable higher rate limits and faster downloads.
Dataset size: 36718  Sample rate: 0.000436
Loading weights:   0%|          | 0/148 [00:00<?, ?it/s]Loading weights: 100%|██████████| 148/148 [00:00<00:00, 7680.07it/s]
`loss_type=None` was set in the config but it is unrecognized. Using the default loss: `ForCausalLMLoss`.
Identified 24 gate slices in c_attn
step=000100  loss=4.5943  ε_total=4.714
step=000200  loss=4.4857  ε_total=4.951
step=000300  loss=4.4352  ε_total=5.130
step=000400  loss=4.4088  ε_total=5.239
step=000500  loss=4.3670  ε_total=5.348
  [eval] step=000500  eval_ppl=61.596  sparsity=0.000  ε_total=5.348
step=000600  loss=4.3556  ε_total=5.457
step=000700  loss=4.3826  ε_total=5.527
step=000800  loss=4.3502  ε_total=5.592
step=000900  loss=4.3246  ε_total=5.656
step=001000  loss=4.3343  ε_total=5.721
  [eval] step=001000  eval_ppl=57.646  sparsity=0.000  ε_total=5.721
step=001100  loss=4.2978  ε_total=5.785
step=001200  loss=4.3345  ε_total=5.849
step=001300  loss=4.3238  ε_total=5.910
step=001400  loss=4.3186  ε_total=5.950
step=001500  loss=4.2889  ε_total=5.991
  [eval] step=001500  eval_ppl=55.796  sparsity=0.000  ε_total=5.991
step=001600  loss=4.2897  ε_total=6.032
step=001700  loss=4.2907  ε_total=6.072
step=001800  loss=4.3033  ε_total=6.113
step=001900  loss=4.2600  ε_total=6.153
step=002000  loss=4.2553  ε_total=6.194
  [eval] step=002000  eval_ppl=53.088  sparsity=0.000  ε_total=6.194
step=002100  loss=4.2848  ε_total=6.235
step=002200  loss=4.2462  ε_total=6.275
step=002300  loss=4.2653  ε_total=6.316
step=002400  loss=4.2329  ε_total=6.356
step=002500  loss=4.2565  ε_total=6.397
  [eval] step=002500  eval_ppl=51.896  sparsity=0.000  ε_total=6.397
step=002600  loss=4.2228  ε_total=6.433
step=002700  loss=4.2363  ε_total=6.461
step=002800  loss=4.2407  ε_total=6.488
step=002900  loss=4.2459  ε_total=6.515
step=003000  loss=4.2607  ε_total=6.542
  [eval] step=003000  eval_ppl=51.459  sparsity=0.000  ε_total=6.542
step=003100  loss=4.2163  ε_total=6.570
step=003200  loss=4.1940  ε_total=6.597
step=003300  loss=4.1961  ε_total=6.624
step=003400  loss=4.2358  ε_total=6.651
step=003500  loss=4.2367  ε_total=6.679
  [eval] step=003500  eval_ppl=50.903  sparsity=0.000  ε_total=6.679
step=003600  loss=4.2125  ε_total=6.706
step=003700  loss=4.2280  ε_total=6.733
step=003800  loss=4.2383  ε_total=6.760
step=003900  loss=4.2188  ε_total=6.788
step=004000  loss=4.2130  ε_total=6.815
  [eval] step=004000  eval_ppl=50.649  sparsity=0.000  ε_total=6.815
step=004100  loss=4.1903  ε_total=6.842
step=004200  loss=4.2178  ε_total=6.869
step=004300  loss=4.2403  ε_total=6.896
step=004400  loss=4.2784  ε_total=6.924
step=004500  loss=4.2403  ε_total=6.951
  [eval] step=004500  eval_ppl=50.217  sparsity=0.000  ε_total=6.951
step=004600  loss=4.2078  ε_total=6.978
step=004700  loss=4.2384  ε_total=7.005
step=004800  loss=4.2390  ε_total=7.033
step=004900  loss=4.2197  ε_total=7.060
step=005000  loss=4.2218  ε_total=7.081
  [eval] step=005000  eval_ppl=49.918  sparsity=0.000  ε_total=7.081
step=005100  loss=4.2065  ε_total=7.100
step=005200  loss=4.2159  ε_total=7.119
step=005300  loss=4.2094  ε_total=7.139
step=005400  loss=4.2331  ε_total=7.158
step=005500  loss=4.2213  ε_total=7.177
  [eval] step=005500  eval_ppl=49.732  sparsity=0.000  ε_total=7.177
step=005600  loss=4.2144  ε_total=7.197
step=005700  loss=4.2116  ε_total=7.216
step=005800  loss=4.1877  ε_total=7.235
step=005900  loss=4.2293  ε_total=7.255
step=006000  loss=4.2084  ε_total=7.274
  [eval] step=006000  eval_ppl=49.364  sparsity=0.000  ε_total=7.274
step=006100  loss=4.1992  ε_total=7.293
step=006200  loss=4.1633  ε_total=7.313
step=006300  loss=4.2029  ε_total=7.332
step=006400  loss=4.2142  ε_total=7.352
step=006500  loss=4.2373  ε_total=7.371
  [eval] step=006500  eval_ppl=49.422  sparsity=0.000  ε_total=7.371
step=006600  loss=4.2144  ε_total=7.390
step=006700  loss=4.1964  ε_total=7.410
step=006800  loss=4.1730  ε_total=7.429
step=006900  loss=4.2034  ε_total=7.448
step=007000  loss=4.2228  ε_total=7.468
  [eval] step=007000  eval_ppl=49.351  sparsity=0.000  ε_total=7.468
step=007100  loss=4.1750  ε_total=7.487
step=007200  loss=4.2126  ε_total=7.506
step=007300  loss=4.2125  ε_total=7.526
step=007400  loss=4.1790  ε_total=7.545
step=007500  loss=4.2103  ε_total=7.564
  [eval] step=007500  eval_ppl=49.277  sparsity=0.000  ε_total=7.564
step=007600  loss=4.2308  ε_total=7.584
step=007700  loss=4.2053  ε_total=7.603
step=007800  loss=4.2251  ε_total=7.623
step=007900  loss=4.2026  ε_total=7.642
step=008000  loss=4.1880  ε_total=7.661
  [eval] step=008000  eval_ppl=49.371  sparsity=0.000  ε_total=7.661
step=008100  loss=4.2067  ε_total=7.681
step=008200  loss=4.2335  ε_total=7.700
step=008300  loss=4.2339  ε_total=7.719
step=008400  loss=4.2229  ε_total=7.739
step=008500  loss=4.2308  ε_total=7.758
  [eval] step=008500  eval_ppl=49.314  sparsity=0.000  ε_total=7.758
step=008600  loss=4.2271  ε_total=7.777
step=008700  loss=4.2115  ε_total=7.797
step=008800  loss=4.2051  ε_total=7.816
step=008900  loss=4.2197  ε_total=7.835
step=009000  loss=4.2085  ε_total=7.855
  [eval] step=009000  eval_ppl=49.362  sparsity=0.000  ε_total=7.855
step=009100  loss=4.1962  ε_total=7.870
step=009200  loss=4.2311  ε_total=7.884
step=009300  loss=4.2354  ε_total=7.899
step=009400  loss=4.2042  ε_total=7.913
step=009500  loss=4.2498  ε_total=7.928
  [eval] step=009500  eval_ppl=49.338  sparsity=0.000  ε_total=7.928
step=009600  loss=4.1844  ε_total=7.942
step=009700  loss=4.2204  ε_total=7.957
step=009800  loss=4.2216  ε_total=7.971
step=009900  loss=4.2432  ε_total=7.986
step=010000  loss=4.1984  ε_total=8.000
  [eval] step=010000  eval_ppl=49.498  sparsity=0.000  ε_total=8.000

Training complete. ε_total=8.0000  δ=1e-05
Metrics written to: results/v3/hetero_clip/hc_both_r0.25_k0.25_eps8.0_seed42.csv
