Traceback (most recent call last):
  File "/home/wlwuser/anaconda3/lib/python3.12/site-packages/httpx/_transports/default.py", line 72, in map_httpcore_exceptions
    yield
  File "/home/wlwuser/anaconda3/lib/python3.12/site-packages/httpx/_transports/default.py", line 236, in handle_request
    resp = self._pool.handle_request(req)
           ^^^^^^^^^^^^^^^^^^^^^^^^^^^^^^
  File "/home/wlwuser/anaconda3/lib/python3.12/site-packages/httpcore/_sync/connection_pool.py", line 256, in handle_request
    raise exc from None
  File "/home/wlwuser/anaconda3/lib/python3.12/site-packages/httpcore/_sync/connection_pool.py", line 236, in handle_request
    response = connection.handle_request(
               ^^^^^^^^^^^^^^^^^^^^^^^^^^
  File "/home/wlwuser/anaconda3/lib/python3.12/site-packages/httpcore/_sync/connection.py", line 101, in handle_request
    raise exc
  File "/home/wlwuser/anaconda3/lib/python3.12/site-packages/httpcore/_sync/connection.py", line 78, in handle_request
    stream = self._connect(request)
             ^^^^^^^^^^^^^^^^^^^^^^
  File "/home/wlwuser/anaconda3/lib/python3.12/site-packages/httpcore/_sync/connection.py", line 124, in _connect
    stream = self._network_backend.connect_tcp(**kwargs)
             ^^^^^^^^^^^^^^^^^^^^^^^^^^^^^^^^^^^^^^^^^^^
  File "/home/wlwuser/anaconda3/lib/python3.12/site-packages/httpcore/_backends/sync.py", line 207, in connect_tcp
    with map_exceptions(exc_map):
  File "/home/wlwuser/anaconda3/lib/python3.12/contextlib.py", line 158, in __exit__
    self.gen.throw(value)
  File "/home/wlwuser/anaconda3/lib/python3.12/site-packages/httpcore/_exceptions.py", line 14, in map_exceptions
    raise to_exc(exc) from exc
httpcore.ConnectTimeout: [Errno 110] Connection timed out

The above exception was the direct cause of the following exception:

Traceback (most recent call last):
  File "/home/wlwuser/LZN/dp-gated-t/gated_attention-main/dp_train_v3_hetero.py", line 604, in <module>
    main()
  File "/home/wlwuser/LZN/dp-gated-t/gated_attention-main/dp_train_v3_hetero.py", line 498, in main
    tokenizer = build_tokenizer(args.tokenizer, args.seq_len)
                ^^^^^^^^^^^^^^^^^^^^^^^^^^^^^^^^^^^^^^^^^^^^^
  File "/home/wlwuser/LZN/dp-gated-t/gated_attention-main/dp_train_v3_hetero.py", line 82, in build_tokenizer
    tok = AutoTokenizer.from_pretrained(name_or_path, use_fast=True)
          ^^^^^^^^^^^^^^^^^^^^^^^^^^^^^^^^^^^^^^^^^^^^^^^^^^^^^^^^^^
  File "/home/wlwuser/anaconda3/lib/python3.12/site-packages/transformers/models/auto/tokenization_auto.py", line 773, in from_pretrained
    return tokenizer_class.from_pretrained(pretrained_model_name_or_path, *inputs, **kwargs)
           ^^^^^^^^^^^^^^^^^^^^^^^^^^^^^^^^^^^^^^^^^^^^^^^^^^^^^^^^^^^^^^^^^^^^^^^^^^^^^^^^^
  File "/home/wlwuser/anaconda3/lib/python3.12/site-packages/transformers/tokenization_utils_base.py", line 1650, in from_pretrained
    for template in list_repo_templates(
                    ^^^^^^^^^^^^^^^^^^^^
  File "/home/wlwuser/anaconda3/lib/python3.12/site-packages/transformers/utils/hub.py", line 131, in list_repo_templates
    return [
           ^
  File "/home/wlwuser/anaconda3/lib/python3.12/site-packages/huggingface_hub/hf_api.py", line 3419, in list_repo_tree
    for path_info in paginate(path=tree_url, headers=headers, params={"recursive": recursive, "expand": expand}):
  File "/home/wlwuser/anaconda3/lib/python3.12/site-packages/huggingface_hub/utils/_pagination.py", line 36, in paginate
    r = session.get(path, params=params, headers=headers)
        ^^^^^^^^^^^^^^^^^^^^^^^^^^^^^^^^^^^^^^^^^^^^^^^^^
  File "/home/wlwuser/anaconda3/lib/python3.12/site-packages/httpx/_client.py", line 1066, in get
    return self.request(
           ^^^^^^^^^^^^^
  File "/home/wlwuser/anaconda3/lib/python3.12/site-packages/httpx/_client.py", line 837, in request
    return self.send(request, auth=auth, follow_redirects=follow_redirects)
           ^^^^^^^^^^^^^^^^^^^^^^^^^^^^^^^^^^^^^^^^^^^^^^^^^^^^^^^^^^^^^^^^
  File "/home/wlwuser/anaconda3/lib/python3.12/site-packages/httpx/_client.py", line 926, in send
    response = self._send_handling_auth(
               ^^^^^^^^^^^^^^^^^^^^^^^^^
  File "/home/wlwuser/anaconda3/lib/python3.12/site-packages/httpx/_client.py", line 954, in _send_handling_auth
    response = self._send_handling_redirects(
               ^^^^^^^^^^^^^^^^^^^^^^^^^^^^^^
  File "/home/wlwuser/anaconda3/lib/python3.12/site-packages/httpx/_client.py", line 991, in _send_handling_redirects
    response = self._send_single_request(request)
               ^^^^^^^^^^^^^^^^^^^^^^^^^^^^^^^^^^
  File "/home/wlwuser/anaconda3/lib/python3.12/site-packages/httpx/_client.py", line 1027, in _send_single_request
    response = transport.handle_request(request)
               ^^^^^^^^^^^^^^^^^^^^^^^^^^^^^^^^^
  File "/home/wlwuser/anaconda3/lib/python3.12/site-packages/httpx/_transports/default.py", line 235, in handle_request
    with map_httpcore_exceptions():
  File "/home/wlwuser/anaconda3/lib/python3.12/contextlib.py", line 158, in __exit__
    self.gen.throw(value)
  File "/home/wlwuser/anaconda3/lib/python3.12/site-packages/httpx/_transports/default.py", line 89, in map_httpcore_exceptions
    raise mapped_exc(message) from exc
httpx.ConnectTimeout: [Errno 110] Connection timed out
