Warning: You are sending unauthenticated requests to the HF Hub. Please set a HF_TOKEN to enable higher rate limits and faster downloads.
Dataset size: 36718  Sample rate: 0.000436
Loading weights:   0%|          | 0/148 [00:00<?, ?it/s]Loading weights:  18%|█▊        | 26/148 [00:00<00:00, 220.37it/s]Loading weights:  34%|███▍      | 50/148 [00:00<00:00, 211.35it/s]Loading weights:  68%|██████▊   | 100/148 [00:00<00:00, 257.57it/s]Loading weights: 100%|██████████| 148/148 [00:00<00:00, 310.11it/s]
`loss_type=None` was set in the config but it is unrecognized. Using the default loss: `ForCausalLMLoss`.
Identified 24 gate slices in c_attn
step=000100  loss=4.5586  ε_total=2.212
step=000200  loss=4.4329  ε_total=2.277
step=000300  loss=4.3853  ε_total=2.319
step=000400  loss=4.3597  ε_total=2.350
step=000500  loss=4.3163  ε_total=2.375
  [eval] step=000500  eval_ppl=56.272  sparsity=0.000  ε_total=2.375
step=000600  loss=4.2907  ε_total=2.399
step=000700  loss=4.2771  ε_total=2.420
step=000800  loss=4.2834  ε_total=2.435
step=000900  loss=4.3066  ε_total=2.450
step=001000  loss=4.3013  ε_total=2.465
  [eval] step=001000  eval_ppl=52.862  sparsity=0.000  ε_total=2.465
step=001100  loss=4.3058  ε_total=2.480
step=001200  loss=4.2580  ε_total=2.494
step=001300  loss=4.2356  ε_total=2.509
step=001400  loss=4.2197  ε_total=2.518
step=001500  loss=4.2404  ε_total=2.528
  [eval] step=001500  eval_ppl=50.211  sparsity=0.000  ε_total=2.528
step=001600  loss=4.2183  ε_total=2.538
step=001700  loss=4.2097  ε_total=2.547
step=001800  loss=4.2137  ε_total=2.557
step=001900  loss=4.2148  ε_total=2.566
step=002000  loss=4.2435  ε_total=2.576
  [eval] step=002000  eval_ppl=49.473  sparsity=0.000  ε_total=2.576
step=002100  loss=4.2457  ε_total=2.586
step=002200  loss=4.1946  ε_total=2.595
step=002300  loss=4.1607  ε_total=2.605
step=002400  loss=4.1932  ε_total=2.615
step=002500  loss=4.1957  ε_total=2.622
  [eval] step=002500  eval_ppl=49.013  sparsity=0.000  ε_total=2.622
step=002600  loss=4.2006  ε_total=2.628
step=002700  loss=4.1613  ε_total=2.635
step=002800  loss=4.2064  ε_total=2.642
step=002900  loss=4.1577  ε_total=2.648
step=003000  loss=4.1846  ε_total=2.655
  [eval] step=003000  eval_ppl=48.910  sparsity=0.000  ε_total=2.655
step=003100  loss=4.1949  ε_total=2.662
step=003200  loss=4.1947  ε_total=2.668
step=003300  loss=4.2054  ε_total=2.675
step=003400  loss=4.1783  ε_total=2.682
step=003500  loss=4.1736  ε_total=2.688
  [eval] step=003500  eval_ppl=49.193  sparsity=0.000  ε_total=2.688
step=003600  loss=4.1953  ε_total=2.695
step=003700  loss=4.1699  ε_total=2.702
step=003800  loss=4.1760  ε_total=2.709
step=003900  loss=4.1543  ε_total=2.715
step=004000  loss=4.1944  ε_total=2.722
  [eval] step=004000  eval_ppl=48.930  sparsity=0.000  ε_total=2.722
step=004100  loss=4.1728  ε_total=2.729
step=004200  loss=4.2022  ε_total=2.735
step=004300  loss=4.1919  ε_total=2.742
step=004400  loss=4.1921  ε_total=2.748
step=004500  loss=4.1846  ε_total=2.753
  [eval] step=004500  eval_ppl=49.429  sparsity=0.000  ε_total=2.753
step=004600  loss=4.1883  ε_total=2.758
step=004700  loss=4.2015  ε_total=2.763
step=004800  loss=4.1880  ε_total=2.768
step=004900  loss=4.1654  ε_total=2.772
step=005000  loss=4.1877  ε_total=2.777
  [eval] step=005000  eval_ppl=49.554  sparsity=0.000  ε_total=2.777
step=005100  loss=4.1951  ε_total=2.782
step=005200  loss=4.1803  ε_total=2.787
step=005300  loss=4.1811  ε_total=2.792
step=005400  loss=4.2117  ε_total=2.797
step=005500  loss=4.1999  ε_total=2.802
  [eval] step=005500  eval_ppl=49.813  sparsity=0.000  ε_total=2.802
step=005600  loss=4.1775  ε_total=2.807
step=005700  loss=4.1693  ε_total=2.812
step=005800  loss=4.1791  ε_total=2.817
step=005900  loss=4.1721  ε_total=2.822
step=006000  loss=4.1784  ε_total=2.827
  [eval] step=006000  eval_ppl=50.238  sparsity=0.000  ε_total=2.827
step=006100  loss=4.1731  ε_total=2.832
step=006200  loss=4.1893  ε_total=2.837
step=006300  loss=4.1843  ε_total=2.842
step=006400  loss=4.1710  ε_total=2.847
step=006500  loss=4.2125  ε_total=2.852
  [eval] step=006500  eval_ppl=50.187  sparsity=0.000  ε_total=2.852
step=006600  loss=4.1618  ε_total=2.857
step=006700  loss=4.1847  ε_total=2.862
step=006800  loss=4.1894  ε_total=2.867
step=006900  loss=4.1858  ε_total=2.872
step=007000  loss=4.2123  ε_total=2.877
  [eval] step=007000  eval_ppl=50.100  sparsity=0.000  ε_total=2.877
step=007100  loss=4.1551  ε_total=2.882
step=007200  loss=4.1952  ε_total=2.887
step=007300  loss=4.1884  ε_total=2.892
step=007400  loss=4.1706  ε_total=2.897
step=007500  loss=4.1359  ε_total=2.902
  [eval] step=007500  eval_ppl=49.812  sparsity=0.000  ε_total=2.902
step=007600  loss=4.1729  ε_total=2.906
step=007700  loss=4.1555  ε_total=2.910
step=007800  loss=4.1331  ε_total=2.914
step=007900  loss=4.1938  ε_total=2.918
step=008000  loss=4.1753  ε_total=2.922
  [eval] step=008000  eval_ppl=49.753  sparsity=0.000  ε_total=2.922
step=008100  loss=4.1593  ε_total=2.926
step=008200  loss=4.1428  ε_total=2.930
step=008300  loss=4.1189  ε_total=2.933
step=008400  loss=4.1340  ε_total=2.937
step=008500  loss=4.1873  ε_total=2.941
  [eval] step=008500  eval_ppl=49.753  sparsity=0.000  ε_total=2.941
step=008600  loss=4.1513  ε_total=2.945
step=008700  loss=4.1248  ε_total=2.949
step=008800  loss=4.1527  ε_total=2.953
step=008900  loss=4.1446  ε_total=2.957
step=009000  loss=4.1247  ε_total=2.961
  [eval] step=009000  eval_ppl=49.383  sparsity=0.000  ε_total=2.961
step=009100  loss=4.1416  ε_total=2.965
step=009200  loss=4.1622  ε_total=2.969
step=009300  loss=4.1513  ε_total=2.973
step=009400  loss=4.1547  ε_total=2.977
step=009500  loss=4.1196  ε_total=2.980
  [eval] step=009500  eval_ppl=48.509  sparsity=0.000  ε_total=2.980
step=009600  loss=4.1408  ε_total=2.984
step=009700  loss=4.1223  ε_total=2.988
step=009800  loss=4.1222  ε_total=2.992
step=009900  loss=4.1551  ε_total=2.996
step=010000  loss=4.1350  ε_total=3.000
  [eval] step=010000  eval_ppl=48.064  sparsity=0.000  ε_total=3.000

Training complete. ε_total=3.0000  δ=1e-05
Metrics written to: results/v3/hetero_clip/hc_baseline_r1.0_k1.0_eps3.0_seed7.csv
