Warning: You are sending unauthenticated requests to the HF Hub. Please set a HF_TOKEN to enable higher rate limits and faster downloads.
04/17/2026 01:24:10:WARNING:Warning: You are sending unauthenticated requests to the HF Hub. Please set a HF_TOKEN to enable higher rate limits and faster downloads.
Dataset size: 36718  Sample rate: 0.000436
Loading weights:   0%|          | 0/148 [00:00<?, ?it/s]Loading weights: 100%|██████████| 148/148 [00:00<00:00, 9578.11it/s]
`loss_type=None` was set in the config but it is unrecognized. Using the default loss: `ForCausalLMLoss`.
Identified 24 gate slices in c_attn
step=000100  loss=4.5431  ε_total=4.466
step=000200  loss=4.3839  ε_total=4.705
step=000300  loss=4.3321  ε_total=4.885
step=000400  loss=4.2997  ε_total=4.995
step=000500  loss=4.2613  ε_total=5.105
  [eval] step=000500  eval_ppl=54.723  sparsity=0.000  ε_total=5.105
step=000600  loss=4.2459  ε_total=5.215
step=000700  loss=4.2788  ε_total=5.285
step=000800  loss=4.2399  ε_total=5.354
step=000900  loss=4.2140  ε_total=5.423
step=001000  loss=4.2287  ε_total=5.492
  [eval] step=001000  eval_ppl=50.289  sparsity=0.000  ε_total=5.492
step=001100  loss=4.1978  ε_total=5.561
step=001200  loss=4.2193  ε_total=5.628
step=001300  loss=4.2177  ε_total=5.674
step=001400  loss=4.2000  ε_total=5.720
step=001500  loss=4.1769  ε_total=5.766
  [eval] step=001500  eval_ppl=48.399  sparsity=0.000  ε_total=5.766
step=001600  loss=4.1800  ε_total=5.812
step=001700  loss=4.1807  ε_total=5.858
step=001800  loss=4.1937  ε_total=5.904
step=001900  loss=4.1534  ε_total=5.950
step=002000  loss=4.1519  ε_total=5.997
  [eval] step=002000  eval_ppl=47.403  sparsity=0.000  ε_total=5.997
step=002100  loss=4.1813  ε_total=6.043
step=002200  loss=4.1422  ε_total=6.089
step=002300  loss=4.1631  ε_total=6.131
step=002400  loss=4.1377  ε_total=6.163
step=002500  loss=4.1635  ε_total=6.196
  [eval] step=002500  eval_ppl=47.004  sparsity=0.000  ε_total=6.196
step=002600  loss=4.1288  ε_total=6.228
step=002700  loss=4.1382  ε_total=6.261
step=002800  loss=4.1501  ε_total=6.293
step=002900  loss=4.1530  ε_total=6.326
step=003000  loss=4.1682  ε_total=6.358
  [eval] step=003000  eval_ppl=47.185  sparsity=0.000  ε_total=6.358
step=003100  loss=4.1322  ε_total=6.391
step=003200  loss=4.1103  ε_total=6.423
step=003300  loss=4.1047  ε_total=6.456
step=003400  loss=4.1481  ε_total=6.489
step=003500  loss=4.1417  ε_total=6.521
  [eval] step=003500  eval_ppl=47.116  sparsity=0.000  ε_total=6.521
step=003600  loss=4.1281  ε_total=6.554
step=003700  loss=4.1451  ε_total=6.586
step=003800  loss=4.1580  ε_total=6.619
step=003900  loss=4.1302  ε_total=6.651
step=004000  loss=4.1251  ε_total=6.684
  [eval] step=004000  eval_ppl=47.418  sparsity=0.000  ε_total=6.684
step=004100  loss=4.1085  ε_total=6.716
step=004200  loss=4.1327  ε_total=6.743
step=004300  loss=4.1563  ε_total=6.768
step=004400  loss=4.1874  ε_total=6.792
step=004500  loss=4.1471  ε_total=6.816
  [eval] step=004500  eval_ppl=47.558  sparsity=0.000  ε_total=6.816
step=004600  loss=4.1211  ε_total=6.840
step=004700  loss=4.1606  ε_total=6.865
step=004800  loss=4.1517  ε_total=6.889
step=004900  loss=4.1367  ε_total=6.913
step=005000  loss=4.1403  ε_total=6.937
  [eval] step=005000  eval_ppl=47.877  sparsity=0.000  ε_total=6.937
step=005100  loss=4.1250  ε_total=6.962
step=005200  loss=4.1412  ε_total=6.986
step=005300  loss=4.1302  ε_total=7.010
step=005400  loss=4.1481  ε_total=7.034
step=005500  loss=4.1396  ε_total=7.058
  [eval] step=005500  eval_ppl=47.712  sparsity=0.000  ε_total=7.058
step=005600  loss=4.1281  ε_total=7.083
step=005700  loss=4.1294  ε_total=7.107
step=005800  loss=4.1071  ε_total=7.131
step=005900  loss=4.1359  ε_total=7.155
step=006000  loss=4.1314  ε_total=7.180
  [eval] step=006000  eval_ppl=47.136  sparsity=0.000  ε_total=7.180
step=006100  loss=4.1129  ε_total=7.204
step=006200  loss=4.0643  ε_total=7.228
step=006300  loss=4.1086  ε_total=7.252
step=006400  loss=4.1180  ε_total=7.277
step=006500  loss=4.1487  ε_total=7.301
  [eval] step=006500  eval_ppl=47.522  sparsity=0.000  ε_total=7.301
step=006600  loss=4.1160  ε_total=7.325
step=006700  loss=4.1056  ε_total=7.349
step=006800  loss=4.0778  ε_total=7.374
step=006900  loss=4.1128  ε_total=7.398
step=007000  loss=4.1214  ε_total=7.422
  [eval] step=007000  eval_ppl=47.370  sparsity=0.000  ε_total=7.422
step=007100  loss=4.0807  ε_total=7.446
step=007200  loss=4.1026  ε_total=7.471
step=007300  loss=4.1058  ε_total=7.490
step=007400  loss=4.0750  ε_total=7.509
step=007500  loss=4.1032  ε_total=7.528
  [eval] step=007500  eval_ppl=47.079  sparsity=0.000  ε_total=7.528
step=007600  loss=4.1273  ε_total=7.547
step=007700  loss=4.0898  ε_total=7.566
step=007800  loss=4.1136  ε_total=7.585
step=007900  loss=4.0801  ε_total=7.604
step=008000  loss=4.0691  ε_total=7.623
  [eval] step=008000  eval_ppl=46.431  sparsity=0.000  ε_total=7.623
step=008100  loss=4.0802  ε_total=7.641
step=008200  loss=4.1076  ε_total=7.660
step=008300  loss=4.1086  ε_total=7.679
step=008400  loss=4.1006  ε_total=7.698
step=008500  loss=4.1013  ε_total=7.717
  [eval] step=008500  eval_ppl=46.129  sparsity=0.000  ε_total=7.717
step=008600  loss=4.0958  ε_total=7.736
step=008700  loss=4.0813  ε_total=7.755
step=008800  loss=4.0757  ε_total=7.774
step=008900  loss=4.0910  ε_total=7.792
step=009000  loss=4.0753  ε_total=7.811
  [eval] step=009000  eval_ppl=45.866  sparsity=0.000  ε_total=7.811
step=009100  loss=4.0564  ε_total=7.830
step=009200  loss=4.0940  ε_total=7.849
step=009300  loss=4.0824  ε_total=7.868
step=009400  loss=4.0661  ε_total=7.887
step=009500  loss=4.1031  ε_total=7.906
  [eval] step=009500  eval_ppl=45.549  sparsity=0.000  ε_total=7.906
step=009600  loss=4.0414  ε_total=7.925
step=009700  loss=4.0728  ε_total=7.943
step=009800  loss=4.0727  ε_total=7.962
step=009900  loss=4.1029  ε_total=7.981
step=010000  loss=4.0503  ε_total=8.000
  [eval] step=010000  eval_ppl=45.274  sparsity=0.000  ε_total=8.000

Training complete. ε_total=8.0000  δ=1e-05
Metrics written to: results/v3/hetero_clip/hc_baseline_r1.0_k1.0_eps8.0_seed42.csv
