Warning: You are sending unauthenticated requests to the HF Hub. Please set a HF_TOKEN to enable higher rate limits and faster downloads.
Dataset size: 36718  Sample rate: 0.000436
Loading weights:   0%|          | 0/148 [00:00<?, ?it/s]Loading weights: 100%|██████████| 148/148 [00:00<00:00, 9000.39it/s]
`loss_type=None` was set in the config but it is unrecognized. Using the default loss: `ForCausalLMLoss`.
Identified 24 gate slices in c_attn
step=000100  loss=4.5851  ε_total=4.714
step=000200  loss=4.5458  ε_total=4.951
step=000300  loss=4.4431  ε_total=5.130
step=000400  loss=4.4145  ε_total=5.239
step=000500  loss=4.3949  ε_total=5.348
  [eval] step=000500  eval_ppl=61.169  sparsity=0.000  ε_total=5.348
step=000600  loss=4.3704  ε_total=5.457
step=000700  loss=4.2986  ε_total=5.527
step=000800  loss=4.3842  ε_total=5.592
step=000900  loss=4.3299  ε_total=5.656
step=001000  loss=4.3163  ε_total=5.721
  [eval] step=001000  eval_ppl=57.007  sparsity=0.000  ε_total=5.721
step=001100  loss=4.3226  ε_total=5.785
step=001200  loss=4.2721  ε_total=5.849
step=001300  loss=4.3230  ε_total=5.910
step=001400  loss=4.2929  ε_total=5.950
step=001500  loss=4.3043  ε_total=5.991
  [eval] step=001500  eval_ppl=55.501  sparsity=0.000  ε_total=5.991
step=001600  loss=4.2715  ε_total=6.032
step=001700  loss=4.2701  ε_total=6.072
step=001800  loss=4.2589  ε_total=6.113
step=001900  loss=4.2521  ε_total=6.153
step=002000  loss=4.2651  ε_total=6.194
  [eval] step=002000  eval_ppl=53.075  sparsity=0.000  ε_total=6.194
step=002100  loss=4.2965  ε_total=6.235
step=002200  loss=4.2644  ε_total=6.275
step=002300  loss=4.2645  ε_total=6.316
step=002400  loss=4.2470  ε_total=6.356
step=002500  loss=4.2754  ε_total=6.397
  [eval] step=002500  eval_ppl=52.033  sparsity=0.000  ε_total=6.397
step=002600  loss=4.2649  ε_total=6.433
step=002700  loss=4.2741  ε_total=6.461
step=002800  loss=4.2714  ε_total=6.488
step=002900  loss=4.2179  ε_total=6.515
step=003000  loss=4.2420  ε_total=6.542
  [eval] step=003000  eval_ppl=51.375  sparsity=0.000  ε_total=6.542
step=003100  loss=4.2487  ε_total=6.570
step=003200  loss=4.2554  ε_total=6.597
step=003300  loss=4.2228  ε_total=6.624
step=003400  loss=4.2335  ε_total=6.651
step=003500  loss=4.2346  ε_total=6.679
  [eval] step=003500  eval_ppl=50.982  sparsity=0.000  ε_total=6.679
step=003600  loss=4.2486  ε_total=6.706
step=003700  loss=4.2243  ε_total=6.733
step=003800  loss=4.2295  ε_total=6.760
step=003900  loss=4.2047  ε_total=6.788
step=004000  loss=4.2326  ε_total=6.815
  [eval] step=004000  eval_ppl=50.877  sparsity=0.000  ε_total=6.815
step=004100  loss=4.2337  ε_total=6.842
step=004200  loss=4.2058  ε_total=6.869
step=004300  loss=4.2516  ε_total=6.896
step=004400  loss=4.2074  ε_total=6.924
step=004500  loss=4.2339  ε_total=6.951
  [eval] step=004500  eval_ppl=50.707  sparsity=0.000  ε_total=6.951
step=004600  loss=4.2140  ε_total=6.978
step=004700  loss=4.1821  ε_total=7.005
step=004800  loss=4.2452  ε_total=7.033
step=004900  loss=4.2753  ε_total=7.060
step=005000  loss=4.2087  ε_total=7.081
  [eval] step=005000  eval_ppl=50.411  sparsity=0.000  ε_total=7.081
step=005100  loss=4.2047  ε_total=7.100
step=005200  loss=4.2340  ε_total=7.119
step=005300  loss=4.2083  ε_total=7.139
step=005400  loss=4.2149  ε_total=7.158
step=005500  loss=4.2158  ε_total=7.177
  [eval] step=005500  eval_ppl=50.110  sparsity=0.000  ε_total=7.177
step=005600  loss=4.2257  ε_total=7.197
step=005700  loss=4.1760  ε_total=7.216
step=005800  loss=4.2239  ε_total=7.235
step=005900  loss=4.2380  ε_total=7.255
step=006000  loss=4.1900  ε_total=7.274
  [eval] step=006000  eval_ppl=50.148  sparsity=0.000  ε_total=7.274
step=006100  loss=4.1972  ε_total=7.293
step=006200  loss=4.2365  ε_total=7.313
step=006300  loss=4.2284  ε_total=7.332
step=006400  loss=4.1854  ε_total=7.352
step=006500  loss=4.2120  ε_total=7.371
  [eval] step=006500  eval_ppl=50.058  sparsity=0.000  ε_total=7.371
step=006600  loss=4.2244  ε_total=7.390
step=006700  loss=4.1993  ε_total=7.410
step=006800  loss=4.1885  ε_total=7.429
step=006900  loss=4.1907  ε_total=7.448
step=007000  loss=4.2017  ε_total=7.468
  [eval] step=007000  eval_ppl=49.997  sparsity=0.000  ε_total=7.468
step=007100  loss=4.1947  ε_total=7.487
step=007200  loss=4.2180  ε_total=7.506
step=007300  loss=4.2229  ε_total=7.526
step=007400  loss=4.2008  ε_total=7.545
step=007500  loss=4.2238  ε_total=7.564
  [eval] step=007500  eval_ppl=49.859  sparsity=0.000  ε_total=7.564
step=007600  loss=4.1820  ε_total=7.584
step=007700  loss=4.2234  ε_total=7.603
step=007800  loss=4.2049  ε_total=7.623
step=007900  loss=4.2255  ε_total=7.642
step=008000  loss=4.1825  ε_total=7.661
  [eval] step=008000  eval_ppl=49.743  sparsity=0.000  ε_total=7.661
step=008100  loss=4.2031  ε_total=7.681
step=008200  loss=4.2178  ε_total=7.700
step=008300  loss=4.2077  ε_total=7.719
step=008400  loss=4.2360  ε_total=7.739
step=008500  loss=4.1935  ε_total=7.758
  [eval] step=008500  eval_ppl=49.877  sparsity=0.000  ε_total=7.758
step=008600  loss=4.2331  ε_total=7.777
step=008700  loss=4.2220  ε_total=7.797
step=008800  loss=4.1978  ε_total=7.816
step=008900  loss=4.1876  ε_total=7.835
step=009000  loss=4.2344  ε_total=7.855
  [eval] step=009000  eval_ppl=49.863  sparsity=0.000  ε_total=7.855
step=009100  loss=4.2367  ε_total=7.870
step=009200  loss=4.2143  ε_total=7.884
step=009300  loss=4.2038  ε_total=7.899
step=009400  loss=4.2366  ε_total=7.913
step=009500  loss=4.1901  ε_total=7.928
  [eval] step=009500  eval_ppl=49.969  sparsity=0.000  ε_total=7.928
step=009600  loss=4.2346  ε_total=7.942
step=009700  loss=4.1985  ε_total=7.957
step=009800  loss=4.2129  ε_total=7.971
step=009900  loss=4.2098  ε_total=7.986
step=010000  loss=4.2012  ε_total=8.000
  [eval] step=010000  eval_ppl=49.789  sparsity=0.000  ε_total=8.000

Training complete. ε_total=8.0000  δ=1e-05
Metrics written to: results/v3/hetero_clip/hc_both_r0.25_k0.25_eps8.0_seed123.csv
