Warning: You are sending unauthenticated requests to the HF Hub. Please set a HF_TOKEN to enable higher rate limits and faster downloads.
Dataset size: 36718  Sample rate: 0.000436
Loading weights:   0%|          | 0/148 [00:00<?, ?it/s]Loading weights: 100%|██████████| 148/148 [00:00<00:00, 7166.03it/s]
`loss_type=None` was set in the config but it is unrecognized. Using the default loss: `ForCausalLMLoss`.
Identified 24 gate slices in c_attn
step=000100  loss=4.5354  ε_total=4.466
step=000200  loss=4.4458  ε_total=4.705
step=000300  loss=4.3426  ε_total=4.885
step=000400  loss=4.3051  ε_total=4.995
step=000500  loss=4.2791  ε_total=5.105
  [eval] step=000500  eval_ppl=54.255  sparsity=0.000  ε_total=5.105
step=000600  loss=4.2515  ε_total=5.215
step=000700  loss=4.1903  ε_total=5.285
step=000800  loss=4.2749  ε_total=5.354
step=000900  loss=4.2345  ε_total=5.423
step=001000  loss=4.2210  ε_total=5.492
  [eval] step=001000  eval_ppl=49.691  sparsity=0.000  ε_total=5.492
step=001100  loss=4.2169  ε_total=5.561
step=001200  loss=4.1595  ε_total=5.628
step=001300  loss=4.1899  ε_total=5.674
step=001400  loss=4.1781  ε_total=5.720
step=001500  loss=4.1855  ε_total=5.766
  [eval] step=001500  eval_ppl=47.889  sparsity=0.000  ε_total=5.766
step=001600  loss=4.1527  ε_total=5.812
step=001700  loss=4.1477  ε_total=5.858
step=001800  loss=4.1431  ε_total=5.904
step=001900  loss=4.1340  ε_total=5.950
step=002000  loss=4.1391  ε_total=5.997
  [eval] step=002000  eval_ppl=46.678  sparsity=0.000  ε_total=5.997
step=002100  loss=4.1758  ε_total=6.043
step=002200  loss=4.1426  ε_total=6.089
step=002300  loss=4.1447  ε_total=6.131
step=002400  loss=4.1233  ε_total=6.163
step=002500  loss=4.1580  ε_total=6.196
  [eval] step=002500  eval_ppl=46.061  sparsity=0.000  ε_total=6.196
step=002600  loss=4.1396  ε_total=6.228
step=002700  loss=4.1540  ε_total=6.261
step=002800  loss=4.1457  ε_total=6.293
step=002900  loss=4.0997  ε_total=6.326
step=003000  loss=4.1198  ε_total=6.358
  [eval] step=003000  eval_ppl=45.741  sparsity=0.000  ε_total=6.358
step=003100  loss=4.1312  ε_total=6.391
step=003200  loss=4.1393  ε_total=6.423
step=003300  loss=4.0992  ε_total=6.456
step=003400  loss=4.1146  ε_total=6.489
step=003500  loss=4.1179  ε_total=6.521
  [eval] step=003500  eval_ppl=45.713  sparsity=0.000  ε_total=6.521
step=003600  loss=4.1343  ε_total=6.554
step=003700  loss=4.1110  ε_total=6.586
step=003800  loss=4.1120  ε_total=6.619
step=003900  loss=4.0867  ε_total=6.651
step=004000  loss=4.1170  ε_total=6.684
  [eval] step=004000  eval_ppl=45.857  sparsity=0.000  ε_total=6.684
step=004100  loss=4.1168  ε_total=6.716
step=004200  loss=4.0870  ε_total=6.743
step=004300  loss=4.1338  ε_total=6.768
step=004400  loss=4.0993  ε_total=6.792
step=004500  loss=4.1162  ε_total=6.816
  [eval] step=004500  eval_ppl=46.034  sparsity=0.000  ε_total=6.816
step=004600  loss=4.1080  ε_total=6.840
step=004700  loss=4.0688  ε_total=6.865
step=004800  loss=4.1358  ε_total=6.889
step=004900  loss=4.1675  ε_total=6.913
step=005000  loss=4.0892  ε_total=6.937
  [eval] step=005000  eval_ppl=46.372  sparsity=0.000  ε_total=6.937
step=005100  loss=4.1028  ε_total=6.962
step=005200  loss=4.1200  ε_total=6.986
step=005300  loss=4.0987  ε_total=7.010
step=005400  loss=4.1087  ε_total=7.034
step=005500  loss=4.1119  ε_total=7.058
  [eval] step=005500  eval_ppl=46.391  sparsity=0.000  ε_total=7.058
step=005600  loss=4.1230  ε_total=7.083
step=005700  loss=4.0657  ε_total=7.107
step=005800  loss=4.1147  ε_total=7.131
step=005900  loss=4.1373  ε_total=7.155
step=006000  loss=4.0838  ε_total=7.180
  [eval] step=006000  eval_ppl=46.712  sparsity=0.000  ε_total=7.180
step=006100  loss=4.0841  ε_total=7.204
step=006200  loss=4.1225  ε_total=7.228
step=006300  loss=4.1181  ε_total=7.252
step=006400  loss=4.0718  ε_total=7.277
step=006500  loss=4.1130  ε_total=7.301
  [eval] step=006500  eval_ppl=47.220  sparsity=0.000  ε_total=7.301
step=006600  loss=4.1190  ε_total=7.325
step=006700  loss=4.0928  ε_total=7.349
step=006800  loss=4.0758  ε_total=7.374
step=006900  loss=4.0809  ε_total=7.398
step=007000  loss=4.0963  ε_total=7.422
  [eval] step=007000  eval_ppl=47.563  sparsity=0.000  ε_total=7.422
step=007100  loss=4.0863  ε_total=7.446
step=007200  loss=4.1039  ε_total=7.471
step=007300  loss=4.1069  ε_total=7.490
step=007400  loss=4.0825  ε_total=7.509
step=007500  loss=4.1132  ε_total=7.528
  [eval] step=007500  eval_ppl=47.012  sparsity=0.000  ε_total=7.528
step=007600  loss=4.0700  ε_total=7.547
step=007700  loss=4.1080  ε_total=7.566
step=007800  loss=4.0877  ε_total=7.585
step=007900  loss=4.1171  ε_total=7.604
step=008000  loss=4.0662  ε_total=7.623
  [eval] step=008000  eval_ppl=47.027  sparsity=0.000  ε_total=7.623
step=008100  loss=4.0909  ε_total=7.641
step=008200  loss=4.0989  ε_total=7.660
step=008300  loss=4.0968  ε_total=7.679
step=008400  loss=4.1179  ε_total=7.698
step=008500  loss=4.0705  ε_total=7.717
  [eval] step=008500  eval_ppl=46.811  sparsity=0.000  ε_total=7.717
step=008600  loss=4.1193  ε_total=7.736
step=008700  loss=4.0995  ε_total=7.755
step=008800  loss=4.0682  ε_total=7.774
step=008900  loss=4.0532  ε_total=7.792
step=009000  loss=4.1082  ε_total=7.811
  [eval] step=009000  eval_ppl=46.887  sparsity=0.000  ε_total=7.811
step=009100  loss=4.1128  ε_total=7.830
step=009200  loss=4.0773  ε_total=7.849
step=009300  loss=4.0665  ε_total=7.868
step=009400  loss=4.1040  ε_total=7.887
step=009500  loss=4.0619  ε_total=7.906
  [eval] step=009500  eval_ppl=46.585  sparsity=0.000  ε_total=7.906
step=009600  loss=4.0996  ε_total=7.925
step=009700  loss=4.0674  ε_total=7.943
step=009800  loss=4.0742  ε_total=7.962
step=009900  loss=4.0713  ε_total=7.981
step=010000  loss=4.0656  ε_total=8.000
  [eval] step=010000  eval_ppl=46.223  sparsity=0.000  ε_total=8.000

Training complete. ε_total=8.0000  δ=1e-05
Metrics written to: results/v3/hetero_clip/hc_clip_r0.25_k1.0_eps8.0_seed123.csv
