Warning: You are sending unauthenticated requests to the HF Hub. Please set a HF_TOKEN to enable higher rate limits and faster downloads.
Dataset size: 36718  Sample rate: 0.000436
Loading weights:   0%|          | 0/148 [00:00<?, ?it/s]Loading weights: 100%|██████████| 148/148 [00:00<00:00, 8301.33it/s]
`loss_type=None` was set in the config but it is unrecognized. Using the default loss: `ForCausalLMLoss`.
Identified 24 gate slices in c_attn
step=000100  loss=4.5582  ε_total=2.212
step=000200  loss=4.4321  ε_total=2.277
step=000300  loss=4.3841  ε_total=2.319
step=000400  loss=4.3576  ε_total=2.350
step=000500  loss=4.3133  ε_total=2.375
  [eval] step=000500  eval_ppl=56.049  sparsity=0.000  ε_total=2.375
step=000600  loss=4.2859  ε_total=2.399
step=000700  loss=4.2693  ε_total=2.420
step=000800  loss=4.2729  ε_total=2.435
step=000900  loss=4.2967  ε_total=2.450
step=001000  loss=4.2943  ε_total=2.465
  [eval] step=001000  eval_ppl=52.217  sparsity=0.000  ε_total=2.465
step=001100  loss=4.2992  ε_total=2.480
step=001200  loss=4.2509  ε_total=2.494
step=001300  loss=4.2293  ε_total=2.509
step=001400  loss=4.2126  ε_total=2.518
step=001500  loss=4.2324  ε_total=2.528
  [eval] step=001500  eval_ppl=49.657  sparsity=0.000  ε_total=2.528
step=001600  loss=4.2094  ε_total=2.538
step=001700  loss=4.2002  ε_total=2.547
step=001800  loss=4.2038  ε_total=2.557
step=001900  loss=4.2033  ε_total=2.566
step=002000  loss=4.2311  ε_total=2.576
  [eval] step=002000  eval_ppl=48.654  sparsity=0.000  ε_total=2.576
step=002100  loss=4.2314  ε_total=2.586
step=002200  loss=4.1810  ε_total=2.595
step=002300  loss=4.1451  ε_total=2.605
step=002400  loss=4.1768  ε_total=2.615
step=002500  loss=4.1789  ε_total=2.622
  [eval] step=002500  eval_ppl=47.947  sparsity=0.000  ε_total=2.622
step=002600  loss=4.1824  ε_total=2.628
step=002700  loss=4.1405  ε_total=2.635
step=002800  loss=4.1858  ε_total=2.642
step=002900  loss=4.1355  ε_total=2.648
step=003000  loss=4.1630  ε_total=2.655
  [eval] step=003000  eval_ppl=47.553  sparsity=0.000  ε_total=2.655
step=003100  loss=4.1705  ε_total=2.662
step=003200  loss=4.1692  ε_total=2.668
step=003300  loss=4.1793  ε_total=2.675
step=003400  loss=4.1521  ε_total=2.682
step=003500  loss=4.1474  ε_total=2.688
  [eval] step=003500  eval_ppl=47.381  sparsity=0.000  ε_total=2.688
step=003600  loss=4.1688  ε_total=2.695
step=003700  loss=4.1426  ε_total=2.702
step=003800  loss=4.1476  ε_total=2.709
step=003900  loss=4.1229  ε_total=2.715
step=004000  loss=4.1650  ε_total=2.722
  [eval] step=004000  eval_ppl=47.076  sparsity=0.000  ε_total=2.722
step=004100  loss=4.1427  ε_total=2.729
step=004200  loss=4.1711  ε_total=2.735
step=004300  loss=4.1634  ε_total=2.742
step=004400  loss=4.1627  ε_total=2.748
step=004500  loss=4.1506  ε_total=2.753
  [eval] step=004500  eval_ppl=47.237  sparsity=0.000  ε_total=2.753
step=004600  loss=4.1547  ε_total=2.758
step=004700  loss=4.1689  ε_total=2.763
step=004800  loss=4.1548  ε_total=2.768
step=004900  loss=4.1318  ε_total=2.772
step=005000  loss=4.1566  ε_total=2.777
  [eval] step=005000  eval_ppl=47.194  sparsity=0.000  ε_total=2.777
step=005100  loss=4.1623  ε_total=2.782
step=005200  loss=4.1496  ε_total=2.787
step=005300  loss=4.1482  ε_total=2.792
step=005400  loss=4.1804  ε_total=2.797
step=005500  loss=4.1666  ε_total=2.802
  [eval] step=005500  eval_ppl=47.344  sparsity=0.000  ε_total=2.802
step=005600  loss=4.1450  ε_total=2.807
step=005700  loss=4.1331  ε_total=2.812
step=005800  loss=4.1455  ε_total=2.817
step=005900  loss=4.1400  ε_total=2.822
step=006000  loss=4.1498  ε_total=2.827
  [eval] step=006000  eval_ppl=47.636  sparsity=0.000  ε_total=2.827
step=006100  loss=4.1410  ε_total=2.832
step=006200  loss=4.1581  ε_total=2.837
step=006300  loss=4.1516  ε_total=2.842
step=006400  loss=4.1392  ε_total=2.847
step=006500  loss=4.1836  ε_total=2.852
  [eval] step=006500  eval_ppl=47.775  sparsity=0.000  ε_total=2.852
step=006600  loss=4.1346  ε_total=2.857
step=006700  loss=4.1550  ε_total=2.862
step=006800  loss=4.1627  ε_total=2.867
step=006900  loss=4.1570  ε_total=2.872
step=007000  loss=4.1861  ε_total=2.877
  [eval] step=007000  eval_ppl=47.837  sparsity=0.000  ε_total=2.877
step=007100  loss=4.1316  ε_total=2.882
step=007200  loss=4.1703  ε_total=2.887
step=007300  loss=4.1664  ε_total=2.892
step=007400  loss=4.1457  ε_total=2.897
step=007500  loss=4.1151  ε_total=2.902
  [eval] step=007500  eval_ppl=47.801  sparsity=0.000  ε_total=2.902
step=007600  loss=4.1516  ε_total=2.906
step=007700  loss=4.1345  ε_total=2.910
step=007800  loss=4.1137  ε_total=2.914
step=007900  loss=4.1752  ε_total=2.918
step=008000  loss=4.1582  ε_total=2.922
  [eval] step=008000  eval_ppl=48.019  sparsity=0.000  ε_total=2.922
step=008100  loss=4.1400  ε_total=2.926
step=008200  loss=4.1273  ε_total=2.930
step=008300  loss=4.1034  ε_total=2.933
step=008400  loss=4.1208  ε_total=2.937
step=008500  loss=4.1750  ε_total=2.941
  [eval] step=008500  eval_ppl=48.437  sparsity=0.000  ε_total=2.941
step=008600  loss=4.1405  ε_total=2.945
step=008700  loss=4.1146  ε_total=2.949
step=008800  loss=4.1417  ε_total=2.953
step=008900  loss=4.1374  ε_total=2.957
step=009000  loss=4.1194  ε_total=2.961
  [eval] step=009000  eval_ppl=48.618  sparsity=0.000  ε_total=2.961
step=009100  loss=4.1354  ε_total=2.965
step=009200  loss=4.1583  ε_total=2.969
step=009300  loss=4.1477  ε_total=2.973
step=009400  loss=4.1535  ε_total=2.977
step=009500  loss=4.1194  ε_total=2.980
  [eval] step=009500  eval_ppl=48.188  sparsity=0.000  ε_total=2.980
step=009600  loss=4.1400  ε_total=2.984
step=009700  loss=4.1230  ε_total=2.988
step=009800  loss=4.1255  ε_total=2.992
step=009900  loss=4.1585  ε_total=2.996
step=010000  loss=4.1390  ε_total=3.000
  [eval] step=010000  eval_ppl=48.194  sparsity=0.000  ε_total=3.000

Training complete. ε_total=3.0000  δ=1e-05
Metrics written to: results/v3/hetero_clip/hc_clip_r0.25_k1.0_eps3.0_seed7.csv
