Warning: You are sending unauthenticated requests to the HF Hub. Please set a HF_TOKEN to enable higher rate limits and faster downloads.
Dataset size: 36718  Sample rate: 0.000436
Loading weights:   0%|          | 0/148 [00:00<?, ?it/s]Loading weights: 100%|██████████| 148/148 [00:00<00:00, 9349.59it/s]
`loss_type=None` was set in the config but it is unrecognized. Using the default loss: `ForCausalLMLoss`.
Identified 24 gate slices in c_attn
step=000100  loss=4.5426  ε_total=4.466
step=000200  loss=4.3829  ε_total=4.705
step=000300  loss=4.3307  ε_total=4.885
step=000400  loss=4.2974  ε_total=4.995
step=000500  loss=4.2575  ε_total=5.105
  [eval] step=000500  eval_ppl=54.473  sparsity=0.000  ε_total=5.105
step=000600  loss=4.2400  ε_total=5.215
step=000700  loss=4.2725  ε_total=5.285
step=000800  loss=4.2334  ε_total=5.354
step=000900  loss=4.2083  ε_total=5.423
step=001000  loss=4.2237  ε_total=5.492
  [eval] step=001000  eval_ppl=49.774  sparsity=0.000  ε_total=5.492
step=001100  loss=4.1924  ε_total=5.561
step=001200  loss=4.2139  ε_total=5.628
step=001300  loss=4.2104  ε_total=5.674
step=001400  loss=4.1919  ε_total=5.720
step=001500  loss=4.1679  ε_total=5.766
  [eval] step=001500  eval_ppl=47.745  sparsity=0.000  ε_total=5.766
step=001600  loss=4.1694  ε_total=5.812
step=001700  loss=4.1690  ε_total=5.858
step=001800  loss=4.1815  ε_total=5.904
step=001900  loss=4.1396  ε_total=5.950
step=002000  loss=4.1374  ε_total=5.997
  [eval] step=002000  eval_ppl=46.525  sparsity=0.000  ε_total=5.997
step=002100  loss=4.1655  ε_total=6.043
step=002200  loss=4.1258  ε_total=6.089
step=002300  loss=4.1470  ε_total=6.131
step=002400  loss=4.1192  ε_total=6.163
step=002500  loss=4.1434  ε_total=6.196
  [eval] step=002500  eval_ppl=45.845  sparsity=0.000  ε_total=6.196
step=002600  loss=4.1088  ε_total=6.228
step=002700  loss=4.1169  ε_total=6.261
step=002800  loss=4.1266  ε_total=6.293
step=002900  loss=4.1310  ε_total=6.326
step=003000  loss=4.1436  ε_total=6.358
  [eval] step=003000  eval_ppl=45.606  sparsity=0.000  ε_total=6.358
step=003100  loss=4.1051  ε_total=6.391
step=003200  loss=4.0826  ε_total=6.423
step=003300  loss=4.0778  ε_total=6.456
step=003400  loss=4.1201  ε_total=6.489
step=003500  loss=4.1141  ε_total=6.521
  [eval] step=003500  eval_ppl=45.294  sparsity=0.000  ε_total=6.521
step=003600  loss=4.0999  ε_total=6.554
step=003700  loss=4.1174  ε_total=6.586
step=003800  loss=4.1275  ε_total=6.619
step=003900  loss=4.1012  ε_total=6.651
step=004000  loss=4.0964  ε_total=6.684
  [eval] step=004000  eval_ppl=45.417  sparsity=0.000  ε_total=6.684
step=004100  loss=4.0785  ε_total=6.716
step=004200  loss=4.1041  ε_total=6.743
step=004300  loss=4.1279  ε_total=6.768
step=004400  loss=4.1595  ε_total=6.792
step=004500  loss=4.1188  ε_total=6.816
  [eval] step=004500  eval_ppl=45.384  sparsity=0.000  ε_total=6.816
step=004600  loss=4.0923  ε_total=6.840
step=004700  loss=4.1303  ε_total=6.865
step=004800  loss=4.1233  ε_total=6.889
step=004900  loss=4.1087  ε_total=6.913
step=005000  loss=4.1103  ε_total=6.937
  [eval] step=005000  eval_ppl=45.666  sparsity=0.000  ε_total=6.937
step=005100  loss=4.0977  ε_total=6.962
step=005200  loss=4.1116  ε_total=6.986
step=005300  loss=4.1027  ε_total=7.010
step=005400  loss=4.1232  ε_total=7.034
step=005500  loss=4.1136  ε_total=7.058
  [eval] step=005500  eval_ppl=45.586  sparsity=0.000  ε_total=7.058
step=005600  loss=4.1039  ε_total=7.083
step=005700  loss=4.1024  ε_total=7.107
step=005800  loss=4.0814  ε_total=7.131
step=005900  loss=4.1121  ε_total=7.155
step=006000  loss=4.1062  ε_total=7.180
  [eval] step=006000  eval_ppl=45.292  sparsity=0.000  ε_total=7.180
step=006100  loss=4.0916  ε_total=7.204
step=006200  loss=4.0454  ε_total=7.228
step=006300  loss=4.0899  ε_total=7.252
step=006400  loss=4.1011  ε_total=7.277
step=006500  loss=4.1293  ε_total=7.301
  [eval] step=006500  eval_ppl=45.856  sparsity=0.000  ε_total=7.301
step=006600  loss=4.0983  ε_total=7.325
step=006700  loss=4.0885  ε_total=7.349
step=006800  loss=4.0622  ε_total=7.374
step=006900  loss=4.0976  ε_total=7.398
step=007000  loss=4.1082  ε_total=7.422
  [eval] step=007000  eval_ppl=46.096  sparsity=0.000  ε_total=7.422
step=007100  loss=4.0682  ε_total=7.446
step=007200  loss=4.0927  ε_total=7.471
step=007300  loss=4.0966  ε_total=7.490
step=007400  loss=4.0669  ε_total=7.509
step=007500  loss=4.0954  ε_total=7.528
  [eval] step=007500  eval_ppl=46.244  sparsity=0.000  ε_total=7.528
step=007600  loss=4.1190  ε_total=7.547
step=007700  loss=4.0843  ε_total=7.566
step=007800  loss=4.1076  ε_total=7.585
step=007900  loss=4.0767  ε_total=7.604
step=008000  loss=4.0680  ε_total=7.623
  [eval] step=008000  eval_ppl=46.141  sparsity=0.000  ε_total=7.623
step=008100  loss=4.0795  ε_total=7.641
step=008200  loss=4.1080  ε_total=7.660
step=008300  loss=4.1108  ε_total=7.679
step=008400  loss=4.1034  ε_total=7.698
step=008500  loss=4.1046  ε_total=7.717
  [eval] step=008500  eval_ppl=46.310  sparsity=0.000  ε_total=7.717
step=008600  loss=4.1013  ε_total=7.736
step=008700  loss=4.0860  ε_total=7.755
step=008800  loss=4.0805  ε_total=7.774
step=008900  loss=4.0976  ε_total=7.792
step=009000  loss=4.0820  ε_total=7.811
  [eval] step=009000  eval_ppl=46.325  sparsity=0.000  ε_total=7.811
step=009100  loss=4.0636  ε_total=7.830
step=009200  loss=4.1035  ε_total=7.849
step=009300  loss=4.0921  ε_total=7.868
step=009400  loss=4.0750  ε_total=7.887
step=009500  loss=4.1125  ε_total=7.906
  [eval] step=009500  eval_ppl=46.170  sparsity=0.000  ε_total=7.906
step=009600  loss=4.0503  ε_total=7.925
step=009700  loss=4.0827  ε_total=7.943
step=009800  loss=4.0815  ε_total=7.962
step=009900  loss=4.1116  ε_total=7.981
step=010000  loss=4.0591  ε_total=8.000
  [eval] step=010000  eval_ppl=45.772  sparsity=0.000  ε_total=8.000

Training complete. ε_total=8.0000  δ=1e-05
Metrics written to: results/v3/hetero_clip/hc_clip_r0.25_k1.0_eps8.0_seed42.csv
