Dataset size: 36718  Sample rate: 0.000436
Loading weights:   0%|          | 0/148 [00:00<?, ?it/s]Loading weights: 100%|██████████| 148/148 [00:00<00:00, 7497.07it/s]
Warning: You are sending unauthenticated requests to the HF Hub. Please set a HF_TOKEN to enable higher rate limits and faster downloads.
04/17/2026 00:08:37:WARNING:Warning: You are sending unauthenticated requests to the HF Hub. Please set a HF_TOKEN to enable higher rate limits and faster downloads.
`loss_type=None` was set in the config but it is unrecognized. Using the default loss: `ForCausalLMLoss`.
Identified 24 gate slices in c_attn
step=000100  loss=4.5690  ε_total=2.288
step=000200  loss=4.5158  ε_total=2.352
step=000300  loss=4.4149  ε_total=2.397
step=000400  loss=4.3853  ε_total=2.424
step=000500  loss=4.3676  ε_total=2.451
  [eval] step=000500  eval_ppl=59.305  sparsity=0.000  ε_total=2.451
step=000600  loss=4.3433  ε_total=2.476
step=000700  loss=4.2725  ε_total=2.491
step=000800  loss=4.3557  ε_total=2.507
step=000900  loss=4.3074  ε_total=2.522
step=001000  loss=4.3002  ε_total=2.538
  [eval] step=001000  eval_ppl=55.900  sparsity=0.000  ε_total=2.538
step=001100  loss=4.3075  ε_total=2.553
step=001200  loss=4.2525  ε_total=2.567
step=001300  loss=4.2901  ε_total=2.576
step=001400  loss=4.2706  ε_total=2.585
step=001500  loss=4.2809  ε_total=2.595
  [eval] step=001500  eval_ppl=52.943  sparsity=0.000  ε_total=2.595
step=001600  loss=4.2486  ε_total=2.604
step=001700  loss=4.2468  ε_total=2.613
step=001800  loss=4.2364  ε_total=2.623
step=001900  loss=4.2278  ε_total=2.632
step=002000  loss=4.2386  ε_total=2.641
  [eval] step=002000  eval_ppl=51.289  sparsity=0.000  ε_total=2.641
step=002100  loss=4.2712  ε_total=2.651
step=002200  loss=4.2393  ε_total=2.660
step=002300  loss=4.2382  ε_total=2.668
step=002400  loss=4.2198  ε_total=2.674
step=002500  loss=4.2491  ε_total=2.680
  [eval] step=002500  eval_ppl=50.328  sparsity=0.000  ε_total=2.680
step=002600  loss=4.2362  ε_total=2.686
step=002700  loss=4.2454  ε_total=2.692
step=002800  loss=4.2415  ε_total=2.698
step=002900  loss=4.1883  ε_total=2.704
step=003000  loss=4.2116  ε_total=2.710
  [eval] step=003000  eval_ppl=49.592  sparsity=0.000  ε_total=2.710
step=003100  loss=4.2187  ε_total=2.716
step=003200  loss=4.2251  ε_total=2.723
step=003300  loss=4.1902  ε_total=2.729
step=003400  loss=4.2026  ε_total=2.735
step=003500  loss=4.2023  ε_total=2.741
  [eval] step=003500  eval_ppl=49.061  sparsity=0.000  ε_total=2.741
step=003600  loss=4.2163  ε_total=2.747
step=003700  loss=4.1920  ε_total=2.753
step=003800  loss=4.1946  ε_total=2.759
step=003900  loss=4.1688  ε_total=2.765
step=004000  loss=4.1967  ε_total=2.771
  [eval] step=004000  eval_ppl=48.685  sparsity=0.000  ε_total=2.771
step=004100  loss=4.1971  ε_total=2.777
step=004200  loss=4.1670  ε_total=2.783
step=004300  loss=4.2136  ε_total=2.788
step=004400  loss=4.1704  ε_total=2.792
step=004500  loss=4.1936  ε_total=2.796
  [eval] step=004500  eval_ppl=48.387  sparsity=0.000  ε_total=2.796
step=004600  loss=4.1767  ε_total=2.800
step=004700  loss=4.1408  ε_total=2.804
step=004800  loss=4.2061  ε_total=2.809
step=004900  loss=4.2363  ε_total=2.813
step=005000  loss=4.1677  ε_total=2.817
  [eval] step=005000  eval_ppl=48.015  sparsity=0.000  ε_total=2.817
step=005100  loss=4.1649  ε_total=2.821
step=005200  loss=4.1919  ε_total=2.825
step=005300  loss=4.1678  ε_total=2.830
step=005400  loss=4.1755  ε_total=2.834
step=005500  loss=4.1743  ε_total=2.838
  [eval] step=005500  eval_ppl=47.714  sparsity=0.000  ε_total=2.838
step=005600  loss=4.1857  ε_total=2.842
step=005700  loss=4.1331  ε_total=2.846
step=005800  loss=4.1810  ε_total=2.850
step=005900  loss=4.1962  ε_total=2.855
step=006000  loss=4.1458  ε_total=2.859
  [eval] step=006000  eval_ppl=47.652  sparsity=0.000  ε_total=2.859
step=006100  loss=4.1545  ε_total=2.863
step=006200  loss=4.1913  ε_total=2.867
step=006300  loss=4.1852  ε_total=2.871
step=006400  loss=4.1406  ε_total=2.875
step=006500  loss=4.1703  ε_total=2.880
  [eval] step=006500  eval_ppl=47.524  sparsity=0.000  ε_total=2.880
step=006600  loss=4.1799  ε_total=2.884
step=006700  loss=4.1546  ε_total=2.888
step=006800  loss=4.1425  ε_total=2.892
step=006900  loss=4.1462  ε_total=2.896
step=007000  loss=4.1574  ε_total=2.900
  [eval] step=007000  eval_ppl=47.559  sparsity=0.000  ε_total=2.900
step=007100  loss=4.1484  ε_total=2.905
step=007200  loss=4.1719  ε_total=2.909
step=007300  loss=4.1779  ε_total=2.913
step=007400  loss=4.1546  ε_total=2.917
step=007500  loss=4.1798  ε_total=2.921
  [eval] step=007500  eval_ppl=47.417  sparsity=0.000  ε_total=2.921
step=007600  loss=4.1359  ε_total=2.926
step=007700  loss=4.1768  ε_total=2.929
step=007800  loss=4.1596  ε_total=2.932
step=007900  loss=4.1809  ε_total=2.935
step=008000  loss=4.1359  ε_total=2.939
  [eval] step=008000  eval_ppl=47.252  sparsity=0.000  ε_total=2.939
step=008100  loss=4.1583  ε_total=2.942
step=008200  loss=4.1707  ε_total=2.945
step=008300  loss=4.1608  ε_total=2.948
step=008400  loss=4.1892  ε_total=2.951
step=008500  loss=4.1451  ε_total=2.954
  [eval] step=008500  eval_ppl=47.314  sparsity=0.000  ε_total=2.954
step=008600  loss=4.1854  ε_total=2.957
step=008700  loss=4.1726  ε_total=2.960
step=008800  loss=4.1482  ε_total=2.963
step=008900  loss=4.1353  ε_total=2.966
step=009000  loss=4.1856  ε_total=2.969
  [eval] step=009000  eval_ppl=47.236  sparsity=0.000  ε_total=2.969
step=009100  loss=4.1865  ε_total=2.972
step=009200  loss=4.1638  ε_total=2.975
step=009300  loss=4.1532  ε_total=2.978
step=009400  loss=4.1877  ε_total=2.982
step=009500  loss=4.1406  ε_total=2.985
  [eval] step=009500  eval_ppl=47.352  sparsity=0.000  ε_total=2.985
step=009600  loss=4.1844  ε_total=2.988
step=009700  loss=4.1496  ε_total=2.991
step=009800  loss=4.1624  ε_total=2.994
step=009900  loss=4.1594  ε_total=2.997
step=010000  loss=4.1514  ε_total=3.000
  [eval] step=010000  eval_ppl=47.271  sparsity=0.000  ε_total=3.000

Training complete. ε_total=3.0000  δ=1e-05
Metrics written to: results/v3/hetero_clip/hc_extreme_r0.1_k0.5_eps3.0_seed123.csv
