Warning: You are sending unauthenticated requests to the HF Hub. Please set a HF_TOKEN to enable higher rate limits and faster downloads.
04/17/2026 00:08:12:WARNING:Warning: You are sending unauthenticated requests to the HF Hub. Please set a HF_TOKEN to enable higher rate limits and faster downloads.
Dataset size: 36718  Sample rate: 0.000436
Loading weights:   0%|          | 0/148 [00:00<?, ?it/s]Loading weights: 100%|██████████| 148/148 [00:00<00:00, 7124.41it/s]
`loss_type=None` was set in the config but it is unrecognized. Using the default loss: `ForCausalLMLoss`.
Identified 24 gate slices in c_attn
step=000100  loss=4.5795  ε_total=2.288
step=000200  loss=4.4551  ε_total=2.352
step=000300  loss=4.4049  ε_total=2.397
step=000400  loss=4.3779  ε_total=2.424
step=000500  loss=4.3410  ε_total=2.451
  [eval] step=000500  eval_ppl=59.643  sparsity=0.000  ε_total=2.451
step=000600  loss=4.3302  ε_total=2.476
step=000700  loss=4.3562  ε_total=2.491
step=000800  loss=4.3184  ε_total=2.507
step=000900  loss=4.2937  ε_total=2.522
step=001000  loss=4.3138  ε_total=2.538
  [eval] step=001000  eval_ppl=56.471  sparsity=0.000  ε_total=2.538
step=001100  loss=4.2842  ε_total=2.553
step=001200  loss=4.3108  ε_total=2.567
step=001300  loss=4.3047  ε_total=2.576
step=001400  loss=4.2933  ε_total=2.585
step=001500  loss=4.2645  ε_total=2.595
  [eval] step=001500  eval_ppl=53.026  sparsity=0.000  ε_total=2.595
step=001600  loss=4.2668  ε_total=2.604
step=001700  loss=4.2653  ε_total=2.613
step=001800  loss=4.2766  ε_total=2.623
step=001900  loss=4.2329  ε_total=2.632
step=002000  loss=4.2292  ε_total=2.641
  [eval] step=002000  eval_ppl=51.145  sparsity=0.000  ε_total=2.641
step=002100  loss=4.2584  ε_total=2.651
step=002200  loss=4.2202  ε_total=2.660
step=002300  loss=4.2401  ε_total=2.668
step=002400  loss=4.2081  ε_total=2.674
step=002500  loss=4.2308  ε_total=2.680
  [eval] step=002500  eval_ppl=50.121  sparsity=0.000  ε_total=2.680
step=002600  loss=4.1977  ε_total=2.686
step=002700  loss=4.2088  ε_total=2.692
step=002800  loss=4.2134  ε_total=2.698
step=002900  loss=4.2189  ε_total=2.704
step=003000  loss=4.2326  ε_total=2.710
  [eval] step=003000  eval_ppl=49.602  sparsity=0.000  ε_total=2.710
step=003100  loss=4.1873  ε_total=2.716
step=003200  loss=4.1643  ε_total=2.723
step=003300  loss=4.1647  ε_total=2.729
step=003400  loss=4.2052  ε_total=2.735
step=003500  loss=4.2033  ε_total=2.741
  [eval] step=003500  eval_ppl=48.882  sparsity=0.000  ε_total=2.741
step=003600  loss=4.1813  ε_total=2.747
step=003700  loss=4.1965  ε_total=2.753
step=003800  loss=4.2064  ε_total=2.759
step=003900  loss=4.1851  ε_total=2.765
step=004000  loss=4.1782  ε_total=2.771
  [eval] step=004000  eval_ppl=48.457  sparsity=0.000  ε_total=2.771
step=004100  loss=4.1565  ε_total=2.777
step=004200  loss=4.1833  ε_total=2.783
step=004300  loss=4.2048  ε_total=2.788
step=004400  loss=4.2404  ε_total=2.792
step=004500  loss=4.2023  ε_total=2.796
  [eval] step=004500  eval_ppl=47.909  sparsity=0.000  ε_total=2.796
step=004600  loss=4.1700  ε_total=2.800
step=004700  loss=4.2007  ε_total=2.804
step=004800  loss=4.2007  ε_total=2.809
step=004900  loss=4.1831  ε_total=2.813
step=005000  loss=4.1820  ε_total=2.817
  [eval] step=005000  eval_ppl=47.588  sparsity=0.000  ε_total=2.817
step=005100  loss=4.1667  ε_total=2.821
step=005200  loss=4.1761  ε_total=2.825
step=005300  loss=4.1712  ε_total=2.830
step=005400  loss=4.1927  ε_total=2.834
step=005500  loss=4.1821  ε_total=2.838
  [eval] step=005500  eval_ppl=47.350  sparsity=0.000  ε_total=2.838
step=005600  loss=4.1742  ε_total=2.842
step=005700  loss=4.1709  ε_total=2.846
step=005800  loss=4.1462  ε_total=2.850
step=005900  loss=4.1869  ε_total=2.855
step=006000  loss=4.1683  ε_total=2.859
  [eval] step=006000  eval_ppl=46.976  sparsity=0.000  ε_total=2.859
step=006100  loss=4.1577  ε_total=2.863
step=006200  loss=4.1197  ε_total=2.867
step=006300  loss=4.1601  ε_total=2.871
step=006400  loss=4.1702  ε_total=2.875
step=006500  loss=4.1954  ε_total=2.880
  [eval] step=006500  eval_ppl=47.028  sparsity=0.000  ε_total=2.880
step=006600  loss=4.1706  ε_total=2.884
step=006700  loss=4.1529  ε_total=2.888
step=006800  loss=4.1300  ε_total=2.892
step=006900  loss=4.1597  ε_total=2.896
step=007000  loss=4.1777  ε_total=2.900
  [eval] step=007000  eval_ppl=46.925  sparsity=0.000  ε_total=2.900
step=007100  loss=4.1309  ε_total=2.905
step=007200  loss=4.1656  ε_total=2.909
step=007300  loss=4.1662  ε_total=2.913
step=007400  loss=4.1328  ε_total=2.917
step=007500  loss=4.1625  ε_total=2.921
  [eval] step=007500  eval_ppl=46.771  sparsity=0.000  ε_total=2.921
step=007600  loss=4.1847  ε_total=2.926
step=007700  loss=4.1572  ε_total=2.929
step=007800  loss=4.1782  ε_total=2.932
step=007900  loss=4.1539  ε_total=2.935
step=008000  loss=4.1387  ε_total=2.939
  [eval] step=008000  eval_ppl=46.758  sparsity=0.000  ε_total=2.939
step=008100  loss=4.1580  ε_total=2.942
step=008200  loss=4.1838  ε_total=2.945
step=008300  loss=4.1845  ε_total=2.948
step=008400  loss=4.1743  ε_total=2.951
step=008500  loss=4.1816  ε_total=2.954
  [eval] step=008500  eval_ppl=46.751  sparsity=0.000  ε_total=2.954
step=008600  loss=4.1764  ε_total=2.957
step=008700  loss=4.1626  ε_total=2.960
step=008800  loss=4.1561  ε_total=2.963
step=008900  loss=4.1696  ε_total=2.966
step=009000  loss=4.1587  ε_total=2.969
  [eval] step=009000  eval_ppl=46.789  sparsity=0.000  ε_total=2.969
step=009100  loss=4.1448  ε_total=2.972
step=009200  loss=4.1798  ε_total=2.975
step=009300  loss=4.1825  ε_total=2.978
step=009400  loss=4.1526  ε_total=2.982
step=009500  loss=4.1975  ε_total=2.985
  [eval] step=009500  eval_ppl=46.729  sparsity=0.000  ε_total=2.985
step=009600  loss=4.1322  ε_total=2.988
step=009700  loss=4.1656  ε_total=2.991
step=009800  loss=4.1687  ε_total=2.994
step=009900  loss=4.1924  ε_total=2.997
step=010000  loss=4.1450  ε_total=3.000
  [eval] step=010000  eval_ppl=46.847  sparsity=0.000  ε_total=3.000

Training complete. ε_total=3.0000  δ=1e-05
Metrics written to: results/v3/hetero_clip/hc_extreme_r0.1_k0.5_eps3.0_seed42.csv
