Warning: You are sending unauthenticated requests to the HF Hub. Please set a HF_TOKEN to enable higher rate limits and faster downloads.
Dataset size: 36718  Sample rate: 0.000436
Loading weights:   0%|          | 0/148 [00:00<?, ?it/s]Loading weights: 100%|██████████| 148/148 [00:00<00:00, 8296.78it/s]
`loss_type=None` was set in the config but it is unrecognized. Using the default loss: `ForCausalLMLoss`.
Identified 24 gate slices in c_attn
step=000100  loss=4.5813  ε_total=2.288
step=000200  loss=4.4765  ε_total=2.352
step=000300  loss=4.4350  ε_total=2.397
step=000400  loss=4.4117  ε_total=2.424
step=000500  loss=4.3656  ε_total=2.451
  [eval] step=000500  eval_ppl=59.542  sparsity=0.000  ε_total=2.451
step=000600  loss=4.3469  ε_total=2.476
step=000700  loss=4.3328  ε_total=2.491
step=000800  loss=4.3190  ε_total=2.507
step=000900  loss=4.3402  ε_total=2.522
step=001000  loss=4.3476  ε_total=2.538
  [eval] step=001000  eval_ppl=56.603  sparsity=0.000  ε_total=2.538
step=001100  loss=4.3591  ε_total=2.553
step=001200  loss=4.3114  ε_total=2.567
step=001300  loss=4.2863  ε_total=2.576
step=001400  loss=4.2724  ε_total=2.585
step=001500  loss=4.2946  ε_total=2.595
  [eval] step=001500  eval_ppl=53.301  sparsity=0.000  ε_total=2.595
step=001600  loss=4.2695  ε_total=2.604
step=001700  loss=4.2599  ε_total=2.613
step=001800  loss=4.2652  ε_total=2.623
step=001900  loss=4.2623  ε_total=2.632
step=002000  loss=4.2943  ε_total=2.641
  [eval] step=002000  eval_ppl=51.835  sparsity=0.000  ε_total=2.641
step=002100  loss=4.2940  ε_total=2.651
step=002200  loss=4.2439  ε_total=2.660
step=002300  loss=4.2058  ε_total=2.668
step=002400  loss=4.2343  ε_total=2.674
step=002500  loss=4.2371  ε_total=2.680
  [eval] step=002500  eval_ppl=50.891  sparsity=0.000  ε_total=2.680
step=002600  loss=4.2412  ε_total=2.686
step=002700  loss=4.1950  ε_total=2.692
step=002800  loss=4.2422  ε_total=2.698
step=002900  loss=4.1917  ε_total=2.704
step=003000  loss=4.2163  ε_total=2.710
  [eval] step=003000  eval_ppl=50.249  sparsity=0.000  ε_total=2.710
step=003100  loss=4.2192  ε_total=2.716
step=003200  loss=4.2188  ε_total=2.723
step=003300  loss=4.2299  ε_total=2.729
step=003400  loss=4.2022  ε_total=2.735
step=003500  loss=4.1998  ε_total=2.741
  [eval] step=003500  eval_ppl=49.687  sparsity=0.000  ε_total=2.741
step=003600  loss=4.2157  ε_total=2.747
step=003700  loss=4.1881  ε_total=2.753
step=003800  loss=4.1944  ε_total=2.759
step=003900  loss=4.1676  ε_total=2.765
step=004000  loss=4.2110  ε_total=2.771
  [eval] step=004000  eval_ppl=49.217  sparsity=0.000  ε_total=2.771
step=004100  loss=4.1925  ε_total=2.777
step=004200  loss=4.2144  ε_total=2.783
step=004300  loss=4.2113  ε_total=2.788
step=004400  loss=4.2100  ε_total=2.792
step=004500  loss=4.1869  ε_total=2.796
  [eval] step=004500  eval_ppl=48.724  sparsity=0.000  ε_total=2.796
step=004600  loss=4.1916  ε_total=2.800
step=004700  loss=4.2057  ε_total=2.804
step=004800  loss=4.1902  ε_total=2.809
step=004900  loss=4.1685  ε_total=2.813
step=005000  loss=4.1932  ε_total=2.817
  [eval] step=005000  eval_ppl=48.225  sparsity=0.000  ε_total=2.817
step=005100  loss=4.1955  ε_total=2.821
step=005200  loss=4.1838  ε_total=2.825
step=005300  loss=4.1784  ε_total=2.830
step=005400  loss=4.2145  ε_total=2.834
step=005500  loss=4.1944  ε_total=2.838
  [eval] step=005500  eval_ppl=47.915  sparsity=0.000  ε_total=2.838
step=005600  loss=4.1748  ε_total=2.842
step=005700  loss=4.1613  ε_total=2.846
step=005800  loss=4.1760  ε_total=2.850
step=005900  loss=4.1699  ε_total=2.855
step=006000  loss=4.1797  ε_total=2.859
  [eval] step=006000  eval_ppl=47.682  sparsity=0.000  ε_total=2.859
step=006100  loss=4.1675  ε_total=2.863
step=006200  loss=4.1861  ε_total=2.867
step=006300  loss=4.1760  ε_total=2.871
step=006400  loss=4.1665  ε_total=2.875
step=006500  loss=4.2101  ε_total=2.880
  [eval] step=006500  eval_ppl=47.741  sparsity=0.000  ε_total=2.880
step=006600  loss=4.1590  ε_total=2.884
step=006700  loss=4.1795  ε_total=2.888
step=006800  loss=4.1878  ε_total=2.892
step=006900  loss=4.1749  ε_total=2.896
step=007000  loss=4.2170  ε_total=2.900
  [eval] step=007000  eval_ppl=47.545  sparsity=0.000  ε_total=2.900
step=007100  loss=4.1510  ε_total=2.905
step=007200  loss=4.1973  ε_total=2.909
step=007300  loss=4.1955  ε_total=2.913
step=007400  loss=4.1669  ε_total=2.917
step=007500  loss=4.1342  ε_total=2.921
  [eval] step=007500  eval_ppl=47.340  sparsity=0.000  ε_total=2.921
step=007600  loss=4.1723  ε_total=2.926
step=007700  loss=4.1560  ε_total=2.929
step=007800  loss=4.1351  ε_total=2.932
step=007900  loss=4.1960  ε_total=2.935
step=008000  loss=4.1846  ε_total=2.939
  [eval] step=008000  eval_ppl=47.410  sparsity=0.000  ε_total=2.939
step=008100  loss=4.1598  ε_total=2.942
step=008200  loss=4.1450  ε_total=2.945
step=008300  loss=4.1221  ε_total=2.948
step=008400  loss=4.1430  ε_total=2.951
step=008500  loss=4.1921  ε_total=2.954
  [eval] step=008500  eval_ppl=47.318  sparsity=0.000  ε_total=2.954
step=008600  loss=4.1589  ε_total=2.957
step=008700  loss=4.1334  ε_total=2.960
step=008800  loss=4.1641  ε_total=2.963
step=008900  loss=4.1540  ε_total=2.966
step=009000  loss=4.1403  ε_total=2.969
  [eval] step=009000  eval_ppl=47.289  sparsity=0.000  ε_total=2.969
step=009100  loss=4.1563  ε_total=2.972
step=009200  loss=4.1744  ε_total=2.975
step=009300  loss=4.1608  ε_total=2.978
step=009400  loss=4.1756  ε_total=2.982
step=009500  loss=4.1389  ε_total=2.985
  [eval] step=009500  eval_ppl=47.073  sparsity=0.000  ε_total=2.985
step=009600  loss=4.1632  ε_total=2.988
step=009700  loss=4.1483  ε_total=2.991
step=009800  loss=4.1457  ε_total=2.994
step=009900  loss=4.1816  ε_total=2.997
step=010000  loss=4.1561  ε_total=3.000
  [eval] step=010000  eval_ppl=47.061  sparsity=0.000  ε_total=3.000

Training complete. ε_total=3.0000  δ=1e-05
Metrics written to: results/v3/hetero_clip/hc_extreme_r0.1_k0.5_eps3.0_seed7.csv
