Warning: You are sending unauthenticated requests to the HF Hub. Please set a HF_TOKEN to enable higher rate limits and faster downloads.
04/14/2026 11:22:31:WARNING:Warning: You are sending unauthenticated requests to the HF Hub. Please set a HF_TOKEN to enable higher rate limits and faster downloads.
Loading weights:   0%|          | 0/148 [00:00<?, ?it/s]Loading weights:  62%|██████▏   | 92/148 [00:00<00:00, 856.26it/s]Loading weights: 100%|██████████| 148/148 [00:00<00:00, 1144.67it/s]
/home/wlwuser/anaconda3/lib/python3.12/site-packages/opacus/privacy_engine.py:96: UserWarning: Secure RNG turned off. This is perfectly fine for experimentation as it allows for much faster training performance, but remember to turn it on and retrain one last time before production with ``secure_mode`` turned on.
  warnings.warn(
`loss_type=None` was set in the config but it is unrecognized. Using the default loss: `ForCausalLMLoss`.
step=000100  loss=4.7653  ε=4.714  λ=0.00000
step=000200  loss=4.6067  ε=4.951  λ=0.00000
step=000300  loss=4.5344  ε=5.130  λ=0.00000
step=000400  loss=4.5028  ε=5.239  λ=0.00000
step=000500  loss=4.4633  ε=5.349  λ=0.00000
  [eval] step=000500  eval_ppl=62.406  gate_sparsity=0.000  ε_consumed=5.349
step=000600  loss=4.4333  ε=5.458  λ=0.00000
step=000700  loss=4.4358  ε=5.528  λ=0.00000
step=000800  loss=4.4355  ε=5.592  λ=0.00000
step=000900  loss=4.4574  ε=5.657  λ=0.00000
step=001000  loss=4.4477  ε=5.721  λ=0.00000
  [eval] step=001000  eval_ppl=59.552  gate_sparsity=0.000  ε_consumed=5.721
step=001100  loss=4.4518  ε=5.786  λ=0.00000
step=001200  loss=4.4131  ε=5.850  λ=0.00000
step=001300  loss=4.3698  ε=5.910  λ=0.00000
step=001400  loss=4.3442  ε=5.951  λ=0.00000
step=001500  loss=4.3672  ε=5.991  λ=0.00000
  [eval] step=001500  eval_ppl=53.498  gate_sparsity=0.000  ε_consumed=5.991
step=001600  loss=4.3286  ε=6.032  λ=0.00000
step=001700  loss=4.3213  ε=6.073  λ=0.00000
step=001800  loss=4.3303  ε=6.113  λ=0.00000
step=001900  loss=4.3090  ε=6.154  λ=0.00000
step=002000  loss=4.3165  ε=6.194  λ=0.00000
  [eval] step=002000  eval_ppl=51.109  gate_sparsity=0.000  ε_consumed=6.194
step=002100  loss=4.3274  ε=6.235  λ=0.00000
step=002200  loss=4.2731  ε=6.276  λ=0.00000
step=002300  loss=4.2334  ε=6.316  λ=0.00000
step=002400  loss=4.2627  ε=6.357  λ=0.00000
step=002500  loss=4.2645  ε=6.398  λ=0.00000
  [eval] step=002500  eval_ppl=49.703  gate_sparsity=0.000  ε_consumed=6.398
step=002600  loss=4.2754  ε=6.434  λ=0.00000
step=002700  loss=4.2312  ε=6.461  λ=0.00000
step=002800  loss=4.2619  ε=6.488  λ=0.00000
step=002900  loss=4.2068  ε=6.515  λ=0.00000
step=003000  loss=4.2274  ε=6.543  λ=0.00000
  [eval] step=003000  eval_ppl=48.558  gate_sparsity=0.000  ε_consumed=6.543
step=003100  loss=4.2454  ε=6.570  λ=0.00000
step=003200  loss=4.2332  ε=6.597  λ=0.00000
step=003300  loss=4.2518  ε=6.624  λ=0.00000
step=003400  loss=4.2080  ε=6.652  λ=0.00000
step=003500  loss=4.1942  ε=6.679  λ=0.00000
  [eval] step=003500  eval_ppl=47.826  gate_sparsity=0.000  ε_consumed=6.679
step=003600  loss=4.2295  ε=6.706  λ=0.00000
step=003700  loss=4.2020  ε=6.733  λ=0.00000
step=003800  loss=4.1957  ε=6.761  λ=0.00000
step=003900  loss=4.1732  ε=6.788  λ=0.00000
step=004000  loss=4.2169  ε=6.815  λ=0.00000
  [eval] step=004000  eval_ppl=47.295  gate_sparsity=0.000  ε_consumed=6.815
step=004100  loss=4.1840  ε=6.842  λ=0.00000
step=004200  loss=4.2094  ε=6.870  λ=0.00000
step=004300  loss=4.2042  ε=6.897  λ=0.00000
step=004400  loss=4.1941  ε=6.924  λ=0.00000
step=004500  loss=4.1714  ε=6.951  λ=0.00000
  [eval] step=004500  eval_ppl=46.639  gate_sparsity=0.000  ε_consumed=6.951
step=004600  loss=4.1758  ε=6.979  λ=0.00000
step=004700  loss=4.1948  ε=7.006  λ=0.00000
step=004800  loss=4.1800  ε=7.033  λ=0.00000
step=004900  loss=4.1544  ε=7.060  λ=0.00000
step=005000  loss=4.1740  ε=7.081  λ=0.00000
  [eval] step=005000  eval_ppl=46.321  gate_sparsity=0.000  ε_consumed=7.081
step=005100  loss=4.1830  ε=7.100  λ=0.00000
step=005200  loss=4.1732  ε=7.119  λ=0.00000
step=005300  loss=4.1645  ε=7.139  λ=0.00000
step=005400  loss=4.1963  ε=7.158  λ=0.00000
step=005500  loss=4.1745  ε=7.177  λ=0.00000
  [eval] step=005500  eval_ppl=46.276  gate_sparsity=0.000  ε_consumed=7.177
step=005600  loss=4.1504  ε=7.197  λ=0.00000
step=005700  loss=4.1484  ε=7.216  λ=0.00000
step=005800  loss=4.1493  ε=7.236  λ=0.00000
step=005900  loss=4.1584  ε=7.255  λ=0.00000
step=006000  loss=4.1519  ε=7.274  λ=0.00000
  [eval] step=006000  eval_ppl=46.263  gate_sparsity=0.000  ε_consumed=7.274
step=006100  loss=4.1392  ε=7.294  λ=0.00000
step=006200  loss=4.1559  ε=7.313  λ=0.00000
step=006300  loss=4.1530  ε=7.332  λ=0.00000
step=006400  loss=4.1476  ε=7.352  λ=0.00000
step=006500  loss=4.1781  ε=7.371  λ=0.00000
  [eval] step=006500  eval_ppl=46.023  gate_sparsity=0.000  ε_consumed=7.371
step=006600  loss=4.1296  ε=7.390  λ=0.00000
step=006700  loss=4.1488  ε=7.410  λ=0.00000
step=006800  loss=4.1551  ε=7.429  λ=0.00000
step=006900  loss=4.1480  ε=7.448  λ=0.00000
step=007000  loss=4.1823  ε=7.468  λ=0.00000
  [eval] step=007000  eval_ppl=46.045  gate_sparsity=0.000  ε_consumed=7.468
step=007100  loss=4.1311  ε=7.487  λ=0.00000
step=007200  loss=4.1706  ε=7.507  λ=0.00000
step=007300  loss=4.1506  ε=7.526  λ=0.00000
step=007400  loss=4.1350  ε=7.545  λ=0.00000
step=007500  loss=4.0927  ε=7.565  λ=0.00000
  [eval] step=007500  eval_ppl=45.757  gate_sparsity=0.000  ε_consumed=7.565
step=007600  loss=4.1255  ε=7.584  λ=0.00000
step=007700  loss=4.1186  ε=7.603  λ=0.00000
step=007800  loss=4.1105  ε=7.623  λ=0.00000
step=007900  loss=4.1597  ε=7.642  λ=0.00000
step=008000  loss=4.1440  ε=7.661  λ=0.00000
  [eval] step=008000  eval_ppl=45.622  gate_sparsity=0.000  ε_consumed=7.661
step=008100  loss=4.1202  ε=7.681  λ=0.00000
step=008200  loss=4.1092  ε=7.700  λ=0.00000
step=008300  loss=4.0910  ε=7.719  λ=0.00000
step=008400  loss=4.1016  ε=7.739  λ=0.00000
step=008500  loss=4.1515  ε=7.758  λ=0.00000
  [eval] step=008500  eval_ppl=45.697  gate_sparsity=0.000  ε_consumed=7.758
step=008600  loss=4.1182  ε=7.778  λ=0.00000
step=008700  loss=4.0861  ε=7.797  λ=0.00000
step=008800  loss=4.1181  ε=7.816  λ=0.00000
step=008900  loss=4.1103  ε=7.836  λ=0.00000
step=009000  loss=4.0938  ε=7.855  λ=0.00000
  [eval] step=009000  eval_ppl=45.650  gate_sparsity=0.000  ε_consumed=7.855
step=009100  loss=4.1107  ε=7.870  λ=0.00000
step=009200  loss=4.1248  ε=7.884  λ=0.00000
step=009300  loss=4.1227  ε=7.899  λ=0.00000
step=009400  loss=4.1251  ε=7.913  λ=0.00000
step=009500  loss=4.1042  ε=7.928  λ=0.00000
  [eval] step=009500  eval_ppl=45.352  gate_sparsity=0.000  ε_consumed=7.928
step=009600  loss=4.1165  ε=7.942  λ=0.00000
step=009700  loss=4.1045  ε=7.956  λ=0.00000
step=009800  loss=4.1066  ε=7.971  λ=0.00000
step=009900  loss=4.1494  ε=7.985  λ=0.00000
step=010000  loss=4.1212  ε=8.000  λ=0.00000
  [eval] step=010000  eval_ppl=45.330  gate_sparsity=0.000  ε_consumed=8.000

Training complete. ε=7.9998  δ=1e-05
Metrics written to: results/v3/phase/phase_bias+0.0_eps8.0_seed7.csv
