Loading weights:   0%|          | 0/148 [00:00<?, ?it/s]Loading weights: 100%|██████████| 148/148 [00:00<00:00, 7043.09it/s]
Warning: You are sending unauthenticated requests to the HF Hub. Please set a HF_TOKEN to enable higher rate limits and faster downloads.
04/14/2026 10:28:05:WARNING:Warning: You are sending unauthenticated requests to the HF Hub. Please set a HF_TOKEN to enable higher rate limits and faster downloads.
/home/wlwuser/anaconda3/lib/python3.12/site-packages/opacus/privacy_engine.py:96: UserWarning: Secure RNG turned off. This is perfectly fine for experimentation as it allows for much faster training performance, but remember to turn it on and retrain one last time before production with ``secure_mode`` turned on.
  warnings.warn(
`loss_type=None` was set in the config but it is unrecognized. Using the default loss: `ForCausalLMLoss`.
step=000100  loss=6.7583  ε=4.714  λ=0.00000
step=000200  loss=6.6103  ε=4.951  λ=0.00000
step=000300  loss=6.4540  ε=5.130  λ=0.00000
step=000400  loss=6.3516  ε=5.239  λ=0.00000
step=000500  loss=6.3175  ε=5.349  λ=0.00000
  [eval] step=000500  eval_ppl=420.041  gate_sparsity=0.419  ε_consumed=5.349
step=000600  loss=6.2691  ε=5.458  λ=0.00000
step=000700  loss=6.2546  ε=5.528  λ=0.00000
step=000800  loss=6.2320  ε=5.592  λ=0.00000
step=000900  loss=6.2366  ε=5.657  λ=0.00000
step=001000  loss=6.2270  ε=5.721  λ=0.00000
  [eval] step=001000  eval_ppl=376.415  gate_sparsity=0.367  ε_consumed=5.721
step=001100  loss=6.2180  ε=5.786  λ=0.00000
step=001200  loss=6.2061  ε=5.850  λ=0.00000
step=001300  loss=6.1662  ε=5.910  λ=0.00000
step=001400  loss=6.1319  ε=5.951  λ=0.00000
step=001500  loss=6.1629  ε=5.991  λ=0.00000
  [eval] step=001500  eval_ppl=345.215  gate_sparsity=0.383  ε_consumed=5.991
step=001600  loss=6.1275  ε=6.032  λ=0.00000
step=001700  loss=6.1080  ε=6.073  λ=0.00000
step=001800  loss=6.0857  ε=6.113  λ=0.00000
step=001900  loss=6.0788  ε=6.154  λ=0.00000
step=002000  loss=6.0663  ε=6.194  λ=0.00000
  [eval] step=002000  eval_ppl=323.435  gate_sparsity=0.370  ε_consumed=6.194
step=002100  loss=6.0877  ε=6.235  λ=0.00000
step=002200  loss=6.0481  ε=6.276  λ=0.00000
step=002300  loss=6.0123  ε=6.316  λ=0.00000
step=002400  loss=6.0500  ε=6.357  λ=0.00000
step=002500  loss=6.0422  ε=6.398  λ=0.00000
  [eval] step=002500  eval_ppl=304.261  gate_sparsity=0.372  ε_consumed=6.398
step=002600  loss=6.0280  ε=6.434  λ=0.00000
step=002700  loss=6.0143  ε=6.461  λ=0.00000
step=002800  loss=6.0344  ε=6.488  λ=0.00000
step=002900  loss=5.9718  ε=6.515  λ=0.00000
step=003000  loss=6.0205  ε=6.543  λ=0.00000
  [eval] step=003000  eval_ppl=288.852  gate_sparsity=0.364  ε_consumed=6.543
step=003100  loss=6.0244  ε=6.570  λ=0.00000
step=003200  loss=5.9851  ε=6.597  λ=0.00000
step=003300  loss=5.9931  ε=6.624  λ=0.00000
step=003400  loss=5.9677  ε=6.652  λ=0.00000
step=003500  loss=5.9094  ε=6.679  λ=0.00000
  [eval] step=003500  eval_ppl=270.233  gate_sparsity=0.360  ε_consumed=6.679
step=003600  loss=5.9381  ε=6.706  λ=0.00000
step=003700  loss=5.9032  ε=6.733  λ=0.00000
step=003800  loss=5.8998  ε=6.761  λ=0.00000
step=003900  loss=5.8585  ε=6.788  λ=0.00000
step=004000  loss=5.9060  ε=6.815  λ=0.00000
  [eval] step=004000  eval_ppl=253.418  gate_sparsity=0.372  ε_consumed=6.815
step=004100  loss=5.8454  ε=6.842  λ=0.00000
step=004200  loss=5.8618  ε=6.870  λ=0.00000
step=004300  loss=5.8661  ε=6.897  λ=0.00000
step=004400  loss=5.8339  ε=6.924  λ=0.00000
step=004500  loss=5.8121  ε=6.951  λ=0.00000
  [eval] step=004500  eval_ppl=240.631  gate_sparsity=0.360  ε_consumed=6.951
step=004600  loss=5.8023  ε=6.979  λ=0.00000
step=004700  loss=5.8456  ε=7.006  λ=0.00000
step=004800  loss=5.8258  ε=7.033  λ=0.00000
step=004900  loss=5.8185  ε=7.060  λ=0.00000
step=005000  loss=5.7919  ε=7.081  λ=0.00000
  [eval] step=005000  eval_ppl=230.724  gate_sparsity=0.342  ε_consumed=7.081
step=005100  loss=5.7863  ε=7.100  λ=0.00000
step=005200  loss=5.7886  ε=7.119  λ=0.00000
step=005300  loss=5.7593  ε=7.139  λ=0.00000
step=005400  loss=5.7865  ε=7.158  λ=0.00000
step=005500  loss=5.7791  ε=7.177  λ=0.00000
  [eval] step=005500  eval_ppl=223.527  gate_sparsity=0.358  ε_consumed=7.177
step=005600  loss=5.7717  ε=7.197  λ=0.00000
step=005700  loss=5.7313  ε=7.216  λ=0.00000
step=005800  loss=5.7324  ε=7.236  λ=0.00000
step=005900  loss=5.7501  ε=7.255  λ=0.00000
step=006000  loss=5.7107  ε=7.274  λ=0.00000
  [eval] step=006000  eval_ppl=217.471  gate_sparsity=0.344  ε_consumed=7.274
step=006100  loss=5.7036  ε=7.294  λ=0.00000
step=006200  loss=5.7028  ε=7.313  λ=0.00000
step=006300  loss=5.7204  ε=7.332  λ=0.00000
step=006400  loss=5.6996  ε=7.352  λ=0.00000
step=006500  loss=5.7177  ε=7.371  λ=0.00000
  [eval] step=006500  eval_ppl=210.363  gate_sparsity=0.335  ε_consumed=7.371
step=006600  loss=5.6776  ε=7.390  λ=0.00000
step=006700  loss=5.7055  ε=7.410  λ=0.00000
step=006800  loss=5.6787  ε=7.429  λ=0.00000
step=006900  loss=5.6901  ε=7.448  λ=0.00000
step=007000  loss=5.6976  ε=7.468  λ=0.00000
  [eval] step=007000  eval_ppl=204.779  gate_sparsity=0.341  ε_consumed=7.468
step=007100  loss=5.6725  ε=7.487  λ=0.00000
step=007200  loss=5.6727  ε=7.507  λ=0.00000
step=007300  loss=5.6554  ε=7.526  λ=0.00000
step=007400  loss=5.6710  ε=7.545  λ=0.00000
step=007500  loss=5.5918  ε=7.565  λ=0.00000
  [eval] step=007500  eval_ppl=198.753  gate_sparsity=0.331  ε_consumed=7.565
step=007600  loss=5.6627  ε=7.584  λ=0.00000
step=007700  loss=5.6603  ε=7.603  λ=0.00000
step=007800  loss=5.6028  ε=7.623  λ=0.00000
step=007900  loss=5.6692  ε=7.642  λ=0.00000
step=008000  loss=5.6487  ε=7.661  λ=0.00000
  [eval] step=008000  eval_ppl=193.125  gate_sparsity=0.296  ε_consumed=7.661
step=008100  loss=5.6085  ε=7.681  λ=0.00000
step=008200  loss=5.6049  ε=7.700  λ=0.00000
step=008300  loss=5.5932  ε=7.719  λ=0.00000
step=008400  loss=5.5405  ε=7.739  λ=0.00000
step=008500  loss=5.6356  ε=7.758  λ=0.00000
  [eval] step=008500  eval_ppl=189.381  gate_sparsity=0.321  ε_consumed=7.758
step=008600  loss=5.6178  ε=7.778  λ=0.00000
step=008700  loss=5.5731  ε=7.797  λ=0.00000
step=008800  loss=5.6085  ε=7.816  λ=0.00000
step=008900  loss=5.5795  ε=7.836  λ=0.00000
step=009000  loss=5.5572  ε=7.855  λ=0.00000
  [eval] step=009000  eval_ppl=184.684  gate_sparsity=0.293  ε_consumed=7.855
step=009100  loss=5.5799  ε=7.870  λ=0.00000
step=009200  loss=5.6074  ε=7.884  λ=0.00000
step=009300  loss=5.5632  ε=7.899  λ=0.00000
step=009400  loss=5.5784  ε=7.913  λ=0.00000
step=009500  loss=5.5477  ε=7.928  λ=0.00000
  [eval] step=009500  eval_ppl=180.107  gate_sparsity=0.280  ε_consumed=7.928
step=009600  loss=5.5894  ε=7.942  λ=0.00000
step=009700  loss=5.5587  ε=7.956  λ=0.00000
step=009800  loss=5.5246  ε=7.971  λ=0.00000
step=009900  loss=5.5654  ε=7.985  λ=0.00000
step=010000  loss=5.5737  ε=8.000  λ=0.00000
  [eval] step=010000  eval_ppl=176.334  gate_sparsity=0.264  ε_consumed=8.000

Training complete. ε=7.9998  δ=1e-05
Metrics written to: results/v3/phase/phase_bias-2.2_eps8.0_seed7.csv
