Warning: You are sending unauthenticated requests to the HF Hub. Please set a HF_TOKEN to enable higher rate limits and faster downloads.
Dataset size: 36718  Sample rate: 0.000436
Loading weights:   0%|          | 0/148 [00:00<?, ?it/s]Loading weights: 100%|██████████| 148/148 [00:00<00:00, 9707.22it/s]
`loss_type=None` was set in the config but it is unrecognized. Using the default loss: `ForCausalLMLoss`.
Identified 24 gate slices in c_attn
step=000100  loss=4.5745  ε_total=4.710
step=000200  loss=4.4653  ε_total=4.947
step=000300  loss=4.4251  ε_total=5.127
step=000400  loss=4.4037  ε_total=5.236
step=000500  loss=4.3626  ε_total=5.344
  [eval] step=000500  eval_ppl=59.051  sparsity=0.000  ε_total=5.344
step=000600  loss=4.3435  ε_total=5.453
step=000700  loss=4.3308  ε_total=5.525
step=000800  loss=4.3279  ε_total=5.589
step=000900  loss=4.3600  ε_total=5.653
step=001000  loss=4.3665  ε_total=5.717
  [eval] step=001000  eval_ppl=57.040  sparsity=0.000  ε_total=5.717
step=001100  loss=4.3757  ε_total=5.781
step=001200  loss=4.3287  ε_total=5.845
step=001300  loss=4.3004  ε_total=5.907
step=001400  loss=4.2869  ε_total=5.948
step=001500  loss=4.3096  ε_total=5.988
  [eval] step=001500  eval_ppl=53.197  sparsity=0.000  ε_total=5.988
step=001600  loss=4.2860  ε_total=6.029
step=001700  loss=4.2764  ε_total=6.069
step=001800  loss=4.2814  ε_total=6.109
step=001900  loss=4.2797  ε_total=6.150
step=002000  loss=4.3091  ε_total=6.190
  [eval] step=002000  eval_ppl=51.465  sparsity=0.000  ε_total=6.190
step=002100  loss=4.3079  ε_total=6.231
step=002200  loss=4.2570  ε_total=6.271
step=002300  loss=4.2169  ε_total=6.311
step=002400  loss=4.2459  ε_total=6.352
step=002500  loss=4.2463  ε_total=6.392
  [eval] step=002500  eval_ppl=50.381  sparsity=0.000  ε_total=6.392
step=002600  loss=4.2499  ε_total=6.431
step=002700  loss=4.2024  ε_total=6.458
step=002800  loss=4.2476  ε_total=6.486
step=002900  loss=4.1979  ε_total=6.513
step=003000  loss=4.2206  ε_total=6.540
  [eval] step=003000  eval_ppl=49.656  sparsity=0.000  ε_total=6.540
step=003100  loss=4.2227  ε_total=6.567
step=003200  loss=4.2212  ε_total=6.594
step=003300  loss=4.2316  ε_total=6.621
step=003400  loss=4.2030  ε_total=6.648
step=003500  loss=4.1992  ε_total=6.676
  [eval] step=003500  eval_ppl=48.986  sparsity=0.000  ε_total=6.676
step=003600  loss=4.2156  ε_total=6.703
step=003700  loss=4.1890  ε_total=6.730
step=003800  loss=4.1939  ε_total=6.757
step=003900  loss=4.1683  ε_total=6.784
step=004000  loss=4.2123  ε_total=6.811
  [eval] step=004000  eval_ppl=48.513  sparsity=0.000  ε_total=6.811
step=004100  loss=4.1920  ε_total=6.839
step=004200  loss=4.2138  ε_total=6.866
step=004300  loss=4.2128  ε_total=6.893
step=004400  loss=4.2092  ε_total=6.920
step=004500  loss=4.1879  ε_total=6.947
  [eval] step=004500  eval_ppl=48.116  sparsity=0.000  ε_total=6.947
step=004600  loss=4.1923  ε_total=6.974
step=004700  loss=4.2068  ε_total=7.001
step=004800  loss=4.1941  ε_total=7.029
step=004900  loss=4.1705  ε_total=7.056
step=005000  loss=4.1953  ε_total=7.079
  [eval] step=005000  eval_ppl=47.675  sparsity=0.000  ε_total=7.079
step=005100  loss=4.1983  ε_total=7.098
step=005200  loss=4.1858  ε_total=7.118
step=005300  loss=4.1807  ε_total=7.137
step=005400  loss=4.2184  ε_total=7.156
step=005500  loss=4.1975  ε_total=7.176
  [eval] step=005500  eval_ppl=47.525  sparsity=0.000  ε_total=7.176
step=005600  loss=4.1779  ε_total=7.195
step=005700  loss=4.1643  ε_total=7.214
step=005800  loss=4.1800  ε_total=7.234
step=005900  loss=4.1762  ε_total=7.253
step=006000  loss=4.1846  ε_total=7.272
  [eval] step=006000  eval_ppl=47.378  sparsity=0.000  ε_total=7.272
step=006100  loss=4.1722  ε_total=7.292
step=006200  loss=4.1918  ε_total=7.311
step=006300  loss=4.1834  ε_total=7.330
step=006400  loss=4.1741  ε_total=7.350
step=006500  loss=4.2173  ε_total=7.369
  [eval] step=006500  eval_ppl=47.390  sparsity=0.000  ε_total=7.369
step=006600  loss=4.1674  ε_total=7.388
step=006700  loss=4.1887  ε_total=7.408
step=006800  loss=4.1948  ε_total=7.427
step=006900  loss=4.1825  ε_total=7.446
step=007000  loss=4.2230  ε_total=7.466
  [eval] step=007000  eval_ppl=47.280  sparsity=0.000  ε_total=7.466
step=007100  loss=4.1588  ε_total=7.485
step=007200  loss=4.2051  ε_total=7.504
step=007300  loss=4.2022  ε_total=7.524
step=007400  loss=4.1751  ε_total=7.543
step=007500  loss=4.1408  ε_total=7.562
  [eval] step=007500  eval_ppl=47.111  sparsity=0.000  ε_total=7.562
step=007600  loss=4.1803  ε_total=7.582
step=007700  loss=4.1640  ε_total=7.601
step=007800  loss=4.1432  ε_total=7.620
step=007900  loss=4.2038  ε_total=7.639
step=008000  loss=4.1935  ε_total=7.659
  [eval] step=008000  eval_ppl=47.247  sparsity=0.000  ε_total=7.659
step=008100  loss=4.1689  ε_total=7.678
step=008200  loss=4.1554  ε_total=7.697
step=008300  loss=4.1313  ε_total=7.717
step=008400  loss=4.1512  ε_total=7.736
step=008500  loss=4.2022  ε_total=7.755
  [eval] step=008500  eval_ppl=47.264  sparsity=0.000  ε_total=7.755
step=008600  loss=4.1682  ε_total=7.775
step=008700  loss=4.1434  ε_total=7.794
step=008800  loss=4.1736  ε_total=7.813
step=008900  loss=4.1634  ε_total=7.833
step=009000  loss=4.1519  ε_total=7.852
  [eval] step=009000  eval_ppl=47.252  sparsity=0.000  ε_total=7.852
step=009100  loss=4.1668  ε_total=7.870
step=009200  loss=4.1864  ε_total=7.884
step=009300  loss=4.1729  ε_total=7.899
step=009400  loss=4.1878  ε_total=7.913
step=009500  loss=4.1512  ε_total=7.928
  [eval] step=009500  eval_ppl=47.032  sparsity=0.000  ε_total=7.928
step=009600  loss=4.1749  ε_total=7.942
step=009700  loss=4.1602  ε_total=7.957
step=009800  loss=4.1573  ε_total=7.971
step=009900  loss=4.1952  ε_total=7.986
step=010000  loss=4.1708  ε_total=8.000
  [eval] step=010000  eval_ppl=47.129  sparsity=0.000  ε_total=8.000

Training complete. ε_total=8.0000  δ=1e-05
Metrics written to: results/v3/hetero/hetero_k0_50_eps8.0_seed7.csv
