Warning: You are sending unauthenticated requests to the HF Hub. Please set a HF_TOKEN to enable higher rate limits and faster downloads.
04/14/2026 16:22:10:WARNING:Warning: You are sending unauthenticated requests to the HF Hub. Please set a HF_TOKEN to enable higher rate limits and faster downloads.
Dataset size: 36718  Sample rate: 0.000436
Loading weights:   0%|          | 0/148 [00:00<?, ?it/s]Loading weights: 100%|██████████| 148/148 [00:00<00:00, 8280.96it/s]
`loss_type=None` was set in the config but it is unrecognized. Using the default loss: `ForCausalLMLoss`.
Identified 24 gate slices in c_attn
step=000100  loss=4.5717  ε_total=2.288
step=000200  loss=4.5241  ε_total=2.352
step=000300  loss=4.4268  ε_total=2.397
step=000400  loss=4.4011  ε_total=2.424
step=000500  loss=4.3866  ε_total=2.451
  [eval] step=000500  eval_ppl=60.385  sparsity=0.000  ε_total=2.451
step=000600  loss=4.3664  ε_total=2.476
step=000700  loss=4.2987  ε_total=2.491
step=000800  loss=4.3875  ε_total=2.507
step=000900  loss=4.3416  ε_total=2.522
step=001000  loss=4.3406  ε_total=2.538
  [eval] step=001000  eval_ppl=57.845  sparsity=0.000  ε_total=2.538
step=001100  loss=4.3591  ε_total=2.553
step=001200  loss=4.3081  ε_total=2.567
step=001300  loss=4.3607  ε_total=2.576
step=001400  loss=4.3261  ε_total=2.585
step=001500  loss=4.3395  ε_total=2.595
  [eval] step=001500  eval_ppl=56.317  sparsity=0.000  ε_total=2.595
step=001600  loss=4.3024  ε_total=2.604
step=001700  loss=4.2974  ε_total=2.613
step=001800  loss=4.2910  ε_total=2.623
step=001900  loss=4.2842  ε_total=2.632
step=002000  loss=4.2954  ε_total=2.641
  [eval] step=002000  eval_ppl=52.977  sparsity=0.000  ε_total=2.641
step=002100  loss=4.3267  ε_total=2.651
step=002200  loss=4.2943  ε_total=2.660
step=002300  loss=4.2916  ε_total=2.668
step=002400  loss=4.2760  ε_total=2.674
step=002500  loss=4.3016  ε_total=2.680
  [eval] step=002500  eval_ppl=51.776  sparsity=0.000  ε_total=2.680
step=002600  loss=4.2882  ε_total=2.686
step=002700  loss=4.2957  ε_total=2.692
step=002800  loss=4.2908  ε_total=2.698
step=002900  loss=4.2381  ε_total=2.704
step=003000  loss=4.2598  ε_total=2.710
  [eval] step=003000  eval_ppl=50.923  sparsity=0.000  ε_total=2.710
step=003100  loss=4.2650  ε_total=2.716
step=003200  loss=4.2701  ε_total=2.723
step=003300  loss=4.2366  ε_total=2.729
step=003400  loss=4.2492  ε_total=2.735
step=003500  loss=4.2469  ε_total=2.741
  [eval] step=003500  eval_ppl=50.337  sparsity=0.000  ε_total=2.741
step=003600  loss=4.2608  ε_total=2.747
step=003700  loss=4.2350  ε_total=2.753
step=003800  loss=4.2382  ε_total=2.759
step=003900  loss=4.2118  ε_total=2.765
step=004000  loss=4.2395  ε_total=2.771
  [eval] step=004000  eval_ppl=50.048  sparsity=0.000  ε_total=2.771
step=004100  loss=4.2408  ε_total=2.777
step=004200  loss=4.2128  ε_total=2.783
step=004300  loss=4.2583  ε_total=2.788
step=004400  loss=4.2157  ε_total=2.792
step=004500  loss=4.2403  ε_total=2.796
  [eval] step=004500  eval_ppl=49.779  sparsity=0.000  ε_total=2.796
step=004600  loss=4.2214  ε_total=2.800
step=004700  loss=4.1868  ε_total=2.804
step=004800  loss=4.2504  ε_total=2.809
step=004900  loss=4.2817  ε_total=2.813
step=005000  loss=4.2147  ε_total=2.817
  [eval] step=005000  eval_ppl=49.501  sparsity=0.000  ε_total=2.817
step=005100  loss=4.2106  ε_total=2.821
step=005200  loss=4.2389  ε_total=2.825
step=005300  loss=4.2146  ε_total=2.830
step=005400  loss=4.2227  ε_total=2.834
step=005500  loss=4.2231  ε_total=2.838
  [eval] step=005500  eval_ppl=49.247  sparsity=0.000  ε_total=2.838
step=005600  loss=4.2333  ε_total=2.842
step=005700  loss=4.1812  ε_total=2.846
step=005800  loss=4.2313  ε_total=2.850
step=005900  loss=4.2455  ε_total=2.855
step=006000  loss=4.1970  ε_total=2.859
  [eval] step=006000  eval_ppl=49.310  sparsity=0.000  ε_total=2.859
step=006100  loss=4.2058  ε_total=2.863
step=006200  loss=4.2416  ε_total=2.867
step=006300  loss=4.2355  ε_total=2.871
step=006400  loss=4.1923  ε_total=2.875
step=006500  loss=4.2212  ε_total=2.880
  [eval] step=006500  eval_ppl=49.247  sparsity=0.000  ε_total=2.880
step=006600  loss=4.2300  ε_total=2.884
step=006700  loss=4.2044  ε_total=2.888
step=006800  loss=4.1954  ε_total=2.892
step=006900  loss=4.1992  ε_total=2.896
step=007000  loss=4.2113  ε_total=2.900
  [eval] step=007000  eval_ppl=49.338  sparsity=0.000  ε_total=2.900
step=007100  loss=4.2029  ε_total=2.905
step=007200  loss=4.2251  ε_total=2.909
step=007300  loss=4.2301  ε_total=2.913
step=007400  loss=4.2098  ε_total=2.917
step=007500  loss=4.2356  ε_total=2.921
  [eval] step=007500  eval_ppl=49.173  sparsity=0.000  ε_total=2.921
step=007600  loss=4.1898  ε_total=2.926
step=007700  loss=4.2324  ε_total=2.929
step=007800  loss=4.2139  ε_total=2.932
step=007900  loss=4.2364  ε_total=2.935
step=008000  loss=4.1915  ε_total=2.939
  [eval] step=008000  eval_ppl=49.083  sparsity=0.000  ε_total=2.939
step=008100  loss=4.2152  ε_total=2.942
step=008200  loss=4.2263  ε_total=2.945
step=008300  loss=4.2173  ε_total=2.948
step=008400  loss=4.2463  ε_total=2.951
step=008500  loss=4.2021  ε_total=2.954
  [eval] step=008500  eval_ppl=49.150  sparsity=0.000  ε_total=2.954
step=008600  loss=4.2426  ε_total=2.957
step=008700  loss=4.2274  ε_total=2.960
step=008800  loss=4.2030  ε_total=2.963
step=008900  loss=4.1935  ε_total=2.966
step=009000  loss=4.2444  ε_total=2.969
  [eval] step=009000  eval_ppl=49.213  sparsity=0.000  ε_total=2.969
step=009100  loss=4.2432  ε_total=2.972
step=009200  loss=4.2235  ε_total=2.975
step=009300  loss=4.2112  ε_total=2.978
step=009400  loss=4.2462  ε_total=2.982
step=009500  loss=4.1994  ε_total=2.985
  [eval] step=009500  eval_ppl=49.416  sparsity=0.000  ε_total=2.985
step=009600  loss=4.2434  ε_total=2.988
step=009700  loss=4.2104  ε_total=2.991
step=009800  loss=4.2215  ε_total=2.994
step=009900  loss=4.2185  ε_total=2.997
step=010000  loss=4.2118  ε_total=3.000
  [eval] step=010000  eval_ppl=49.438  sparsity=0.000  ε_total=3.000

Training complete. ε_total=3.0000  δ=1e-05
Metrics written to: results/v3/hetero/hetero_k0_50_eps3.0_seed123.csv
