Warning: You are sending unauthenticated requests to the HF Hub. Please set a HF_TOKEN to enable higher rate limits and faster downloads.
Dataset size: 36718  Sample rate: 0.000436
Loading weights:   0%|          | 0/148 [00:00<?, ?it/s]Loading weights: 100%|██████████| 148/148 [00:00<00:00, 8056.02it/s]
`loss_type=None` was set in the config but it is unrecognized. Using the default loss: `ForCausalLMLoss`.
Identified 24 gate slices in c_attn
step=000100  loss=4.6076  ε_total=2.291
step=000200  loss=4.5182  ε_total=2.355
step=000300  loss=4.4758  ε_total=2.399
step=000400  loss=4.4547  ε_total=2.427
step=000500  loss=4.4130  ε_total=2.455
  [eval] step=000500  eval_ppl=64.756  sparsity=0.000  ε_total=2.455
step=000600  loss=4.4044  ε_total=2.478
step=000700  loss=4.4322  ε_total=2.494
step=000800  loss=4.4062  ε_total=2.510
step=000900  loss=4.3903  ε_total=2.525
step=001000  loss=4.4041  ε_total=2.541
  [eval] step=001000  eval_ppl=61.437  sparsity=0.000  ε_total=2.541
step=001100  loss=4.3722  ε_total=2.557
step=001200  loss=4.4154  ε_total=2.568
step=001300  loss=4.3994  ε_total=2.578
step=001400  loss=4.4025  ε_total=2.587
step=001500  loss=4.3810  ε_total=2.597
  [eval] step=001500  eval_ppl=60.805  sparsity=0.000  ε_total=2.597
step=001600  loss=4.3934  ε_total=2.607
step=001700  loss=4.4055  ε_total=2.616
step=001800  loss=4.4226  ε_total=2.626
step=001900  loss=4.3904  ε_total=2.635
step=002000  loss=4.3807  ε_total=2.645
  [eval] step=002000  eval_ppl=60.210  sparsity=0.000  ε_total=2.645
step=002100  loss=4.4121  ε_total=2.654
step=002200  loss=4.3653  ε_total=2.664
step=002300  loss=4.3819  ε_total=2.670
step=002400  loss=4.3480  ε_total=2.676
step=002500  loss=4.3699  ε_total=2.682
  [eval] step=002500  eval_ppl=57.863  sparsity=0.000  ε_total=2.682
step=002600  loss=4.3414  ε_total=2.688
step=002700  loss=4.3551  ε_total=2.694
step=002800  loss=4.3575  ε_total=2.700
step=002900  loss=4.3657  ε_total=2.706
step=003000  loss=4.3775  ε_total=2.713
  [eval] step=003000  eval_ppl=56.261  sparsity=0.000  ε_total=2.713
step=003100  loss=4.3308  ε_total=2.719
step=003200  loss=4.3119  ε_total=2.725
step=003300  loss=4.3111  ε_total=2.731
step=003400  loss=4.3492  ε_total=2.737
step=003500  loss=4.3545  ε_total=2.743
  [eval] step=003500  eval_ppl=55.373  sparsity=0.000  ε_total=2.743
step=003600  loss=4.3244  ε_total=2.749
step=003700  loss=4.3395  ε_total=2.755
step=003800  loss=4.3476  ε_total=2.762
step=003900  loss=4.3280  ε_total=2.768
step=004000  loss=4.3241  ε_total=2.774
  [eval] step=004000  eval_ppl=55.131  sparsity=0.000  ε_total=2.774
step=004100  loss=4.3011  ε_total=2.780
step=004200  loss=4.3284  ε_total=2.785
step=004300  loss=4.3489  ε_total=2.789
step=004400  loss=4.3884  ε_total=2.793
step=004500  loss=4.3516  ε_total=2.797
  [eval] step=004500  eval_ppl=54.677  sparsity=0.000  ε_total=2.797
step=004600  loss=4.3216  ε_total=2.801
step=004700  loss=4.3492  ε_total=2.806
step=004800  loss=4.3508  ε_total=2.810
step=004900  loss=4.3293  ε_total=2.814
step=005000  loss=4.3333  ε_total=2.818
  [eval] step=005000  eval_ppl=54.331  sparsity=0.000  ε_total=2.818
step=005100  loss=4.3196  ε_total=2.822
step=005200  loss=4.3284  ε_total=2.827
step=005300  loss=4.3203  ε_total=2.831
step=005400  loss=4.3438  ε_total=2.835
step=005500  loss=4.3337  ε_total=2.839
  [eval] step=005500  eval_ppl=54.137  sparsity=0.000  ε_total=2.839
step=005600  loss=4.3281  ε_total=2.843
step=005700  loss=4.3249  ε_total=2.848
step=005800  loss=4.3023  ε_total=2.852
step=005900  loss=4.3453  ε_total=2.856
step=006000  loss=4.3206  ε_total=2.860
  [eval] step=006000  eval_ppl=53.932  sparsity=0.000  ε_total=2.860
step=006100  loss=4.3142  ε_total=2.864
step=006200  loss=4.2831  ε_total=2.869
step=006300  loss=4.3192  ε_total=2.873
step=006400  loss=4.3344  ε_total=2.877
step=006500  loss=4.3579  ε_total=2.881
  [eval] step=006500  eval_ppl=54.166  sparsity=0.000  ε_total=2.881
step=006600  loss=4.3338  ε_total=2.885
step=006700  loss=4.3181  ε_total=2.890
step=006800  loss=4.2950  ε_total=2.894
step=006900  loss=4.3260  ε_total=2.898
step=007000  loss=4.3465  ε_total=2.902
  [eval] step=007000  eval_ppl=54.244  sparsity=0.000  ε_total=2.902
step=007100  loss=4.2980  ε_total=2.906
step=007200  loss=4.3392  ε_total=2.911
step=007300  loss=4.3388  ε_total=2.915
step=007400  loss=4.3053  ε_total=2.919
step=007500  loss=4.3343  ε_total=2.923
  [eval] step=007500  eval_ppl=54.298  sparsity=0.000  ε_total=2.923
step=007600  loss=4.3542  ε_total=2.926
step=007700  loss=4.3346  ε_total=2.929
step=007800  loss=4.3537  ε_total=2.932
step=007900  loss=4.3280  ε_total=2.935
step=008000  loss=4.3179  ε_total=2.939
  [eval] step=008000  eval_ppl=54.493  sparsity=0.000  ε_total=2.939
step=008100  loss=4.3365  ε_total=2.942
step=008200  loss=4.3682  ε_total=2.945
step=008300  loss=4.3655  ε_total=2.948
step=008400  loss=4.3516  ε_total=2.951
step=008500  loss=4.3621  ε_total=2.954
  [eval] step=008500  eval_ppl=54.467  sparsity=0.000  ε_total=2.954
step=008600  loss=4.3570  ε_total=2.957
step=008700  loss=4.3407  ε_total=2.960
step=008800  loss=4.3367  ε_total=2.963
step=008900  loss=4.3506  ε_total=2.966
step=009000  loss=4.3412  ε_total=2.969
  [eval] step=009000  eval_ppl=54.610  sparsity=0.000  ε_total=2.969
step=009100  loss=4.3294  ε_total=2.972
step=009200  loss=4.3631  ε_total=2.975
step=009300  loss=4.3716  ε_total=2.978
step=009400  loss=4.3367  ε_total=2.982
step=009500  loss=4.3854  ε_total=2.985
  [eval] step=009500  eval_ppl=54.635  sparsity=0.000  ε_total=2.985
step=009600  loss=4.3184  ε_total=2.988
step=009700  loss=4.3552  ε_total=2.991
step=009800  loss=4.3597  ε_total=2.994
step=009900  loss=4.3765  ε_total=2.997
step=010000  loss=4.3341  ε_total=3.000
  [eval] step=010000  eval_ppl=54.894  sparsity=0.000  ε_total=3.000

Training complete. ε_total=3.0000  δ=1e-05
Metrics written to: results/v3/hetero/hetero_k0_25_eps3.0_seed42.csv
