Dataset size: 36718  Sample rate: 0.000436
Loading weights:   0%|          | 0/148 [00:00<?, ?it/s]Loading weights: 100%|██████████| 148/148 [00:00<00:00, 8029.56it/s]
Warning: You are sending unauthenticated requests to the HF Hub. Please set a HF_TOKEN to enable higher rate limits and faster downloads.
04/14/2026 21:38:55:WARNING:Warning: You are sending unauthenticated requests to the HF Hub. Please set a HF_TOKEN to enable higher rate limits and faster downloads.
`loss_type=None` was set in the config but it is unrecognized. Using the default loss: `ForCausalLMLoss`.
Identified 24 gate slices in c_attn
step=000100  loss=4.5988  ε_total=4.714
step=000200  loss=4.5126  ε_total=4.951
step=000300  loss=4.4792  ε_total=5.130
step=000400  loss=4.4618  ε_total=5.239
step=000500  loss=4.4142  ε_total=5.348
  [eval] step=000500  eval_ppl=62.859  sparsity=0.000  ε_total=5.348
step=000600  loss=4.4001  ε_total=5.457
step=000700  loss=4.3939  ε_total=5.527
step=000800  loss=4.3820  ε_total=5.592
step=000900  loss=4.4024  ε_total=5.656
step=001000  loss=4.4088  ε_total=5.721
  [eval] step=001000  eval_ppl=60.056  sparsity=0.000  ε_total=5.721
step=001100  loss=4.4242  ε_total=5.785
step=001200  loss=4.3801  ε_total=5.849
step=001300  loss=4.3627  ε_total=5.910
step=001400  loss=4.3691  ε_total=5.950
step=001500  loss=4.3917  ε_total=5.991
  [eval] step=001500  eval_ppl=59.496  sparsity=0.000  ε_total=5.991
step=001600  loss=4.3768  ε_total=6.032
step=001700  loss=4.3632  ε_total=6.072
step=001800  loss=4.3690  ε_total=6.113
step=001900  loss=4.3603  ε_total=6.153
step=002000  loss=4.3986  ε_total=6.194
  [eval] step=002000  eval_ppl=57.689  sparsity=0.000  ε_total=6.194
step=002100  loss=4.3970  ε_total=6.235
step=002200  loss=4.3465  ε_total=6.275
step=002300  loss=4.3083  ε_total=6.316
step=002400  loss=4.3384  ε_total=6.356
step=002500  loss=4.3410  ε_total=6.397
  [eval] step=002500  eval_ppl=55.275  sparsity=0.000  ε_total=6.397
step=002600  loss=4.3469  ε_total=6.433
step=002700  loss=4.2963  ε_total=6.461
step=002800  loss=4.3434  ε_total=6.488
step=002900  loss=4.2940  ε_total=6.515
step=003000  loss=4.3163  ε_total=6.542
  [eval] step=003000  eval_ppl=54.390  sparsity=0.000  ε_total=6.542
step=003100  loss=4.3169  ε_total=6.570
step=003200  loss=4.3172  ε_total=6.597
step=003300  loss=4.3304  ε_total=6.624
step=003400  loss=4.3012  ε_total=6.651
step=003500  loss=4.3017  ε_total=6.679
  [eval] step=003500  eval_ppl=53.866  sparsity=0.000  ε_total=6.679
step=003600  loss=4.3146  ε_total=6.706
step=003700  loss=4.2887  ε_total=6.733
step=003800  loss=4.2943  ε_total=6.760
step=003900  loss=4.2691  ε_total=6.788
step=004000  loss=4.3114  ε_total=6.815
  [eval] step=004000  eval_ppl=53.536  sparsity=0.000  ε_total=6.815
step=004100  loss=4.2950  ε_total=6.842
step=004200  loss=4.3148  ε_total=6.869
step=004300  loss=4.3111  ε_total=6.896
step=004400  loss=4.3123  ε_total=6.924
step=004500  loss=4.2896  ε_total=6.951
  [eval] step=004500  eval_ppl=53.255  sparsity=0.000  ε_total=6.951
step=004600  loss=4.2944  ε_total=6.978
step=004700  loss=4.3100  ε_total=7.005
step=004800  loss=4.2960  ε_total=7.033
step=004900  loss=4.2740  ε_total=7.060
step=005000  loss=4.2974  ε_total=7.081
  [eval] step=005000  eval_ppl=52.760  sparsity=0.000  ε_total=7.081
step=005100  loss=4.3024  ε_total=7.100
step=005200  loss=4.2922  ε_total=7.119
step=005300  loss=4.2827  ε_total=7.139
step=005400  loss=4.3237  ε_total=7.158
step=005500  loss=4.3039  ε_total=7.177
  [eval] step=005500  eval_ppl=52.726  sparsity=0.000  ε_total=7.177
step=005600  loss=4.2826  ε_total=7.197
step=005700  loss=4.2734  ε_total=7.216
step=005800  loss=4.2893  ε_total=7.235
step=005900  loss=4.2825  ε_total=7.255
step=006000  loss=4.2927  ε_total=7.274
  [eval] step=006000  eval_ppl=52.539  sparsity=0.000  ε_total=7.274
step=006100  loss=4.2805  ε_total=7.293
step=006200  loss=4.3042  ε_total=7.313
step=006300  loss=4.2943  ε_total=7.332
step=006400  loss=4.2857  ε_total=7.352
step=006500  loss=4.3287  ε_total=7.371
  [eval] step=006500  eval_ppl=52.658  sparsity=0.000  ε_total=7.371
step=006600  loss=4.2812  ε_total=7.390
step=006700  loss=4.3029  ε_total=7.410
step=006800  loss=4.3099  ε_total=7.429
step=006900  loss=4.2962  ε_total=7.448
step=007000  loss=4.3391  ε_total=7.468
  [eval] step=007000  eval_ppl=52.586  sparsity=0.000  ε_total=7.468
step=007100  loss=4.2698  ε_total=7.487
step=007200  loss=4.3212  ε_total=7.506
step=007300  loss=4.3172  ε_total=7.526
step=007400  loss=4.2908  ε_total=7.545
step=007500  loss=4.2596  ε_total=7.564
  [eval] step=007500  eval_ppl=52.494  sparsity=0.000  ε_total=7.564
step=007600  loss=4.2988  ε_total=7.584
step=007700  loss=4.2817  ε_total=7.603
step=007800  loss=4.2621  ε_total=7.623
step=007900  loss=4.3247  ε_total=7.642
step=008000  loss=4.3119  ε_total=7.661
  [eval] step=008000  eval_ppl=52.702  sparsity=0.000  ε_total=7.661
step=008100  loss=4.2877  ε_total=7.681
step=008200  loss=4.2726  ε_total=7.700
step=008300  loss=4.2512  ε_total=7.719
step=008400  loss=4.2758  ε_total=7.739
step=008500  loss=4.3240  ε_total=7.758
  [eval] step=008500  eval_ppl=52.720  sparsity=0.000  ε_total=7.758
step=008600  loss=4.2887  ε_total=7.777
step=008700  loss=4.2676  ε_total=7.797
step=008800  loss=4.2986  ε_total=7.816
step=008900  loss=4.2854  ε_total=7.835
step=009000  loss=4.2742  ε_total=7.855
  [eval] step=009000  eval_ppl=52.706  sparsity=0.000  ε_total=7.855
step=009100  loss=4.2922  ε_total=7.870
step=009200  loss=4.3110  ε_total=7.884
step=009300  loss=4.2969  ε_total=7.899
step=009400  loss=4.3127  ε_total=7.913
step=009500  loss=4.2772  ε_total=7.928
  [eval] step=009500  eval_ppl=52.461  sparsity=0.000  ε_total=7.928
step=009600  loss=4.2992  ε_total=7.942
step=009700  loss=4.2859  ε_total=7.957
step=009800  loss=4.2852  ε_total=7.971
step=009900  loss=4.3195  ε_total=7.986
step=010000  loss=4.2907  ε_total=8.000
  [eval] step=010000  eval_ppl=52.514  sparsity=0.000  ε_total=8.000

Training complete. ε_total=8.0000  δ=1e-05
Metrics written to: results/v3/hetero/hetero_k0_25_eps8.0_seed7.csv
