Traceback (most recent call last):
  File "/home/wlwuser/LZN/dp-gated-t/gated_attention-main/dp_sgd_train_minimal.py", line 502, in <module>
    main()
  File "/home/wlwuser/LZN/dp-gated-t/gated_attention-main/dp_sgd_train_minimal.py", line 371, in main
    model = build_gpt2_model(args).to(args.device)
            ^^^^^^^^^^^^^^^^^^^^^^^^^^^^^^^^^^^^^^
  File "/home/wlwuser/hy/conda/envs/dp-gated/lib/python3.12/site-packages/transformers/modeling_utils.py", line 4343, in to
    return super().to(*args, **kwargs)
           ^^^^^^^^^^^^^^^^^^^^^^^^^^^
  File "/home/wlwuser/hy/conda/envs/dp-gated/lib/python3.12/site-packages/torch/nn/modules/module.py", line 1340, in to
    return self._apply(convert)
           ^^^^^^^^^^^^^^^^^^^^
  File "/home/wlwuser/hy/conda/envs/dp-gated/lib/python3.12/site-packages/torch/nn/modules/module.py", line 900, in _apply
    module._apply(fn)
  File "/home/wlwuser/hy/conda/envs/dp-gated/lib/python3.12/site-packages/torch/nn/modules/module.py", line 900, in _apply
    module._apply(fn)
  File "/home/wlwuser/hy/conda/envs/dp-gated/lib/python3.12/site-packages/torch/nn/modules/module.py", line 900, in _apply
    module._apply(fn)
  [Previous line repeated 2 more times]
  File "/home/wlwuser/hy/conda/envs/dp-gated/lib/python3.12/site-packages/torch/nn/modules/module.py", line 927, in _apply
    param_applied = fn(param)
                    ^^^^^^^^^
  File "/home/wlwuser/hy/conda/envs/dp-gated/lib/python3.12/site-packages/torch/nn/modules/module.py", line 1326, in convert
    return t.to(
           ^^^^^
torch.OutOfMemoryError: CUDA out of memory. Tried to allocate 20.00 MiB. GPU 0 has a total capacity of 47.40 GiB of which 13.31 MiB is free. Process 94732 has 45.91 GiB memory in use. Including non-PyTorch memory, this process has 1.45 GiB memory in use. Of the allocated memory 1.16 GiB is allocated by PyTorch, and 36.22 MiB is reserved by PyTorch but unallocated. If reserved but unallocated memory is large try setting PYTORCH_CUDA_ALLOC_CONF=expandable_segments:True to avoid fragmentation.  See documentation for Memory Management  (https://pytorch.org/docs/stable/notes/cuda.html#environment-variables)
